{"timestamp":"2026-10-05T03:33:04.919969","level":"info","event":"DAG bundles loaded: dags-folder","logger":"airflow.dag_processing.bundles.manager.DagBundlesManager"}
{"timestamp":"2026-10-05T03:33:04.920713","level":"info","event":"Filling up the DagBag from /opt/airflow/dags/zomato_batch.py","logger":"airflow.models.dagbag.DagBag"}
{"timestamp":"2026-10-05T03:33:04.982745","level":"info","event":"Executing: ['USE WAREHOUSE ZOMATO_WH', \"COPY INTO ZOMATO.RAW.restaurants FROM @ZOMATO.RAW.ZOMATO_RAW_STAGE/restaurants/ ON_ERROR='CONTINUE'\", \"COPY INTO ZOMATO.RAW.users FROM @ZOMATO.RAW.ZOMATO_RAW_STAGE/users/ ON_ERROR='CONTINUE'\", \"COPY INTO ZOMATO.RAW.food FROM @ZOMATO.RAW.ZOMATO_RAW_STAGE/food/ ON_ERROR='CONTINUE'\", \"COPY INTO ZOMATO.RAW.menu FROM @ZOMATO.RAW.ZOMATO_RAW_STAGE/menu/ ON_ERROR='CONTINUE'\", 'COPY INTO ZOMATO.RAW.orders FROM @ZOMATO.RAW.ZOMATO_RAW_STAGE/orders/', 'COPY INTO ZOMATO.RAW.order_items FROM @ZOMATO.RAW.ZOMATO_RAW_STAGE/order_items/', 'COPY INTO ZOMATO.RAW.reviews FROM @ZOMATO.RAW.ZOMATO_RAW_STAGE/reviews/']","logger":"airflow.task.operators.airflow.providers.common.sql.operators.sql.SQLExecuteQueryOperator"}
{"timestamp":"2026-10-05T03:33:04.985318","level":"warning","event":"empty cryptography key - values will not be stored encrypted.","logger":"airflow.models.crypto"}
{"timestamp":"2026-10-05T03:33:04.986155","level":"info","event":"Connection Retrieved 'snowflake_default'","logger":"airflow.hooks.base"}
{"timestamp":"2026-10-05T03:33:05.783760","level":"info","event":"Connection Retrieved 'snowflake_default'","logger":"airflow.hooks.base"}
{"timestamp":"2026-10-05T03:33:05.784739","level":"info","event":"Snowflake Connector for Python Version: 3.16.0, Python Version: 3.12.11, Platform: Linux-6.10.14-linuxkit-aarch64-with-glibc2.36","logger":"snowflake.connector.connection"}
{"timestamp":"2026-10-05T03:33:05.785212","level":"info","event":"Connecting to GLOBAL Snowflake domain","logger":"snowflake.connector.connection"}
{"timestamp":"2026-10-05T03:33:06.651533","level":"info","event":"Running statement: USE WAREHOUSE ZOMATO_WH, parameters: None","logger":"airflow.task.hooks.airflow.providers.snowflake.hooks.snowflake.SnowflakeHook"}
{"timestamp":"2026-10-05T03:33:06.652367","level":"info","event":"Running statement: USE WAREHOUSE ZOMATO_WH, parameters: None","logger":"airflow.task.hooks.airflow.providers.snowflake.hooks.snowflake.SnowflakeHook"}
{"timestamp":"2026-10-05T03:33:06.771600","level":"info","event":"Rows affected: 1","logger":"airflow.task.hooks.airflow.providers.snowflake.hooks.snowflake.SnowflakeHook"}
{"timestamp":"2026-10-05T03:33:06.772131","level":"info","event":"Rows affected: 1","logger":"airflow.task.hooks.airflow.providers.snowflake.hooks.snowflake.SnowflakeHook"}
{"timestamp":"2026-10-05T03:33:06.772182","level":"info","event":"Snowflake query id: 01c784b5-0308-cdd2-0011-4cb60008a03e","logger":"airflow.task.hooks.airflow.providers.snowflake.hooks.snowflake.SnowflakeHook"}
{"timestamp":"2026-10-05T03:33:06.772221","level":"info","event":"Running statement: COPY INTO ZOMATO.RAW.restaurants FROM @ZOMATO.RAW.ZOMATO_RAW_STAGE/restaurants/ ON_ERROR='CONTINUE', parameters: None","logger":"airflow.task.hooks.airflow.providers.snowflake.hooks.snowflake.SnowflakeHook"}
{"timestamp":"2026-10-05T03:33:06.772254","level":"info","event":"Running statement: COPY INTO ZOMATO.RAW.restaurants FROM @ZOMATO.RAW.ZOMATO_RAW_STAGE/restaurants/ ON_ERROR='CONTINUE', parameters: None","logger":"airflow.task.hooks.airflow.providers.snowflake.hooks.snowflake.SnowflakeHook"}
{"timestamp":"2026-10-05T03:33:07.460642","level":"info","event":"Rows affected: 1","logger":"airflow.task.hooks.airflow.providers.snowflake.hooks.snowflake.SnowflakeHook"}
{"timestamp":"2026-10-05T03:33:07.461814","level":"info","event":"Rows affected: 1","logger":"airflow.task.hooks.airflow.providers.snowflake.hooks.snowflake.SnowflakeHook"}
{"timestamp":"2026-10-05T03:33:07.461881","level":"info","event":"Snowflake query id: 01c784b5-0308-c882-0011-4cb60008614a","logger":"airflow.task.hooks.airflow.providers.snowflake.hooks.snowflake.SnowflakeHook"}
{"timestamp":"2026-10-05T03:33:07.461924","level":"info","event":"Running statement: COPY INTO ZOMATO.RAW.users FROM @ZOMATO.RAW.ZOMATO_RAW_STAGE/users/ ON_ERROR='CONTINUE', parameters: None","logger":"airflow.task.hooks.airflow.providers.snowflake.hooks.snowflake.SnowflakeHook"}
{"timestamp":"2026-10-05T03:33:07.461958","level":"info","event":"Running statement: COPY INTO ZOMATO.RAW.users FROM @ZOMATO.RAW.ZOMATO_RAW_STAGE/users/ ON_ERROR='CONTINUE', parameters: None","logger":"airflow.task.hooks.airflow.providers.snowflake.hooks.snowflake.SnowflakeHook"}
{"timestamp":"2026-10-05T03:33:08.065571","level":"info","event":"Rows affected: 1","logger":"airflow.task.hooks.airflow.providers.snowflake.hooks.snowflake.SnowflakeHook"}
{"timestamp":"2026-10-05T03:33:08.065911","level":"info","event":"Rows affected: 1","logger":"airflow.task.hooks.airflow.providers.snowflake.hooks.snowflake.SnowflakeHook"}
{"timestamp":"2026-10-05T03:33:08.065978","level":"info","event":"Snowflake query id: 01c784b5-0308-ce69-0011-4cb60008b03a","logger":"airflow.task.hooks.airflow.providers.snowflake.hooks.snowflake.SnowflakeHook"}
{"timestamp":"2026-10-05T03:33:08.066215","level":"info","event":"Running statement: COPY INTO ZOMATO.RAW.food FROM @ZOMATO.RAW.ZOMATO_RAW_STAGE/food/ ON_ERROR='CONTINUE', parameters: None","logger":"airflow.task.hooks.airflow.providers.snowflake.hooks.snowflake.SnowflakeHook"}
{"timestamp":"2026-10-05T03:33:08.066285","level":"info","event":"Running statement: COPY INTO ZOMATO.RAW.food FROM @ZOMATO.RAW.ZOMATO_RAW_STAGE/food/ ON_ERROR='CONTINUE', parameters: None","logger":"airflow.task.hooks.airflow.providers.snowflake.hooks.snowflake.SnowflakeHook"}
{"timestamp":"2026-10-05T03:33:08.781583","level":"info","event":"Rows affected: 1","logger":"airflow.task.hooks.airflow.providers.snowflake.hooks.snowflake.SnowflakeHook"}
{"timestamp":"2026-10-05T03:33:08.781848","level":"info","event":"Rows affected: 1","logger":"airflow.task.hooks.airflow.providers.snowflake.hooks.snowflake.SnowflakeHook"}
{"timestamp":"2026-10-05T03:33:08.782011","level":"info","event":"Snowflake query id: 01c784b5-0308-cd81-0011-4cb60008705a","logger":"airflow.task.hooks.airflow.providers.snowflake.hooks.snowflake.SnowflakeHook"}
{"timestamp":"2026-10-05T03:33:08.782060","level":"info","event":"Running statement: COPY INTO ZOMATO.RAW.menu FROM @ZOMATO.RAW.ZOMATO_RAW_STAGE/menu/ ON_ERROR='CONTINUE', parameters: None","logger":"airflow.task.hooks.airflow.providers.snowflake.hooks.snowflake.SnowflakeHook"}
{"timestamp":"2026-10-05T03:33:08.782097","level":"info","event":"Running statement: COPY INTO ZOMATO.RAW.menu FROM @ZOMATO.RAW.ZOMATO_RAW_STAGE/menu/ ON_ERROR='CONTINUE', parameters: None","logger":"airflow.task.hooks.airflow.providers.snowflake.hooks.snowflake.SnowflakeHook"}
{"timestamp":"2026-10-05T03:33:09.599643","level":"info","event":"Rows affected: 1","logger":"airflow.task.hooks.airflow.providers.snowflake.hooks.snowflake.SnowflakeHook"}
{"timestamp":"2026-10-05T03:33:09.599814","level":"info","event":"Rows affected: 1","logger":"airflow.task.hooks.airflow.providers.snowflake.hooks.snowflake.SnowflakeHook"}
{"timestamp":"2026-10-05T03:33:09.599858","level":"info","event":"Snowflake query id: 01c784b5-0308-cbd0-0011-4cb60008117a","logger":"airflow.task.hooks.airflow.providers.snowflake.hooks.snowflake.SnowflakeHook"}
{"timestamp":"2026-10-05T03:33:09.599890","level":"info","event":"Running statement: COPY INTO ZOMATO.RAW.orders FROM @ZOMATO.RAW.ZOMATO_RAW_STAGE/orders/, parameters: None","logger":"airflow.task.hooks.airflow.providers.snowflake.hooks.snowflake.SnowflakeHook"}
{"timestamp":"2026-10-05T03:33:09.599918","level":"info","event":"Running statement: COPY INTO ZOMATO.RAW.orders FROM @ZOMATO.RAW.ZOMATO_RAW_STAGE/orders/, parameters: None","logger":"airflow.task.hooks.airflow.providers.snowflake.hooks.snowflake.SnowflakeHook"}
{"timestamp":"2026-10-05T03:33:10.118561","level":"info","event":"Rows affected: 1","logger":"airflow.task.hooks.airflow.providers.snowflake.hooks.snowflake.SnowflakeHook"}
{"timestamp":"2026-10-05T03:33:10.118868","level":"info","event":"Rows affected: 1","logger":"airflow.task.hooks.airflow.providers.snowflake.hooks.snowflake.SnowflakeHook"}
{"timestamp":"2026-10-05T03:33:10.118939","level":"info","event":"Snowflake query id: 01c784b5-0308-c882-0011-4cb60008614e","logger":"airflow.task.hooks.airflow.providers.snowflake.hooks.snowflake.SnowflakeHook"}
{"timestamp":"2026-10-05T03:33:10.118987","level":"info","event":"Running statement: COPY INTO ZOMATO.RAW.order_items FROM @ZOMATO.RAW.ZOMATO_RAW_STAGE/order_items/, parameters: None","logger":"airflow.task.hooks.airflow.providers.snowflake.hooks.snowflake.SnowflakeHook"}
{"timestamp":"2026-10-05T03:33:10.119031","level":"info","event":"Running statement: COPY INTO ZOMATO.RAW.order_items FROM @ZOMATO.RAW.ZOMATO_RAW_STAGE/order_items/, parameters: None","logger":"airflow.task.hooks.airflow.providers.snowflake.hooks.snowflake.SnowflakeHook"}
{"timestamp":"2026-10-05T03:33:10.630292","level":"info","event":"Rows affected: 1","logger":"airflow.task.hooks.airflow.providers.snowflake.hooks.snowflake.SnowflakeHook"}
{"timestamp":"2026-10-05T03:33:10.630637","level":"info","event":"Rows affected: 1","logger":"airflow.task.hooks.airflow.providers.snowflake.hooks.snowflake.SnowflakeHook"}
{"timestamp":"2026-10-05T03:33:10.630730","level":"info","event":"Snowflake query id: 01c784b5-0308-ce69-0011-4cb60008b03e","logger":"airflow.task.hooks.airflow.providers.snowflake.hooks.snowflake.SnowflakeHook"}
{"timestamp":"2026-10-05T03:33:10.630777","level":"info","event":"Running statement: COPY INTO ZOMATO.RAW.reviews FROM @ZOMATO.RAW.ZOMATO_RAW_STAGE/reviews/, parameters: None","logger":"airflow.task.hooks.airflow.providers.snowflake.hooks.snowflake.SnowflakeHook"}
{"timestamp":"2026-10-05T03:33:10.630819","level":"info","event":"Running statement: COPY INTO ZOMATO.RAW.reviews FROM @ZOMATO.RAW.ZOMATO_RAW_STAGE/reviews/, parameters: None","logger":"airflow.task.hooks.airflow.providers.snowflake.hooks.snowflake.SnowflakeHook"}
{"timestamp":"2026-10-05T03:33:11.153021","level":"info","event":"Rows affected: 1","logger":"airflow.task.hooks.airflow.providers.snowflake.hooks.snowflake.SnowflakeHook"}
{"timestamp":"2026-10-05T03:33:11.153370","level":"info","event":"Rows affected: 1","logger":"airflow.task.hooks.airflow.providers.snowflake.hooks.snowflake.SnowflakeHook"}
{"timestamp":"2026-10-05T03:33:11.153424","level":"info","event":"Snowflake query id: 01c784b5-0308-cbd0-0011-4cb60008117e","logger":"airflow.task.hooks.airflow.providers.snowflake.hooks.snowflake.SnowflakeHook"}
{"timestamp":"2026-10-05T03:33:11.302592","level":"info","event":"result: [[('Statement executed successfully.',)], [('Copy executed with 0 files processed.',)], [('Copy executed with 0 files processed.',)], [('Copy executed with 0 files processed.',)], [('Copy executed with 0 files processed.',)], [('Copy executed with 0 files processed.',)], [('Copy executed with 0 files processed.',)], [('Copy executed with 0 files processed.',)]]","logger":"airflow.task.operators.airflow.providers.common.sql.operators.sql.SQLExecuteQueryOperator"}
{"timestamp":"2026-10-05T03:33:11.303189","level":"info","event":"Pushing xcom","ti":"RuntimeTaskInstance(id=UUID('01a10a1f-46f4-7bb7-908e-9991809ad8d1'), task_id='reload_raw', dag_id='zomato_batch', run_id='manual__2026-10-05T03:33:04.350946+00:00', try_number=1, map_index=-1, hostname='190e24e2aa1c', context_carrier=None, task=<Task(SQLExecuteQueryOperator): reload_raw>, bundle_instance=LocalDagBundle(name=dags-folder), max_tries=0, start_date=datetime.datetime(2026, 10, 5, 3, 33, 4, 865683, tzinfo=datetime.timezone.utc), end_date=None, state=<TaskInstanceState.RUNNING: 'running'>, is_mapped=False, rendered_map_index=None, log_url='http://localhost:8080/dags/zomato_batch/runs/manual__2026-10-05T03%3A33%3A04.350946%2B00%3A00/tasks/reload_raw?try_number=1')","logger":"task"}
