{"timestamp":"2026-10-06T00:21:53.050245","level":"info","event":"DAG bundles loaded: dags-folder","logger":"airflow.dag_processing.bundles.manager.DagBundlesManager"}
{"timestamp":"2026-10-06T00:21:53.053264","level":"info","event":"Filling up the DagBag from /opt/airflow/dags/zomato_batch.py","logger":"airflow.models.dagbag.DagBag"}
{"timestamp":"2026-10-06T00:21:53.281065","level":"info","event":"Tmp dir root location: /tmp","logger":"airflow.task.hooks.airflow.providers.standard.hooks.subprocess.SubprocessHook"}
{"timestamp":"2026-10-06T00:21:53.285038","level":"info","event":"Running command: ['/usr/bin/bash', '-c', '/opt/airflow/dbt_venv/bin/dbt build --exclude tag:ai --project-dir /opt/airflow/dbt/zomato --profiles-dir /opt/airflow/dbt/zomato']","logger":"airflow.task.hooks.airflow.providers.standard.hooks.subprocess.SubprocessHook"}
{"timestamp":"2026-10-06T00:21:53.294644","level":"info","event":"Output:","logger":"airflow.task.hooks.airflow.providers.standard.hooks.subprocess.SubprocessHook"}
{"timestamp":"2026-10-06T00:21:55.302240","level":"info","event":"\u001b[0m00:21:55  Running with dbt=1.12.5","logger":"airflow.task.hooks.airflow.providers.standard.hooks.subprocess.SubprocessHook"}
{"timestamp":"2026-10-06T00:21:55.812636","level":"info","event":"\u001b[0m00:21:55  Registered adapter: snowflake=1.8.4","logger":"airflow.task.hooks.airflow.providers.standard.hooks.subprocess.SubprocessHook"}
{"timestamp":"2026-10-06T00:21:56.047586","level":"info","event":"\u001b[0m00:21:56  [\u001b[33mWARNING\u001b[0m]: Configuration paths exist in your dbt_project.yml file which do not apply to any resources.","logger":"airflow.task.hooks.airflow.providers.standard.hooks.subprocess.SubprocessHook"}
{"timestamp":"2026-10-06T00:21:56.047703","level":"info","event":"There are 1 unused configuration paths:","logger":"airflow.task.hooks.airflow.providers.standard.hooks.subprocess.SubprocessHook"}
{"timestamp":"2026-10-06T00:21:56.047744","level":"info","event":"- models.snapshot.zomato","logger":"airflow.task.hooks.airflow.providers.standard.hooks.subprocess.SubprocessHook"}
{"timestamp":"2026-10-06T00:21:56.220382","level":"info","event":"\u001b[0m00:21:56  Found 16 models, 16 data tests, 7 sources, 505 macros","logger":"airflow.task.hooks.airflow.providers.standard.hooks.subprocess.SubprocessHook"}
{"timestamp":"2026-10-06T00:21:56.222037","level":"info","event":"\u001b[0m00:21:56  [\u001b[33mWARNING\u001b[0m]: The selection criterion 'tag:ai' does not match any enabled nodes","logger":"airflow.task.hooks.airflow.providers.standard.hooks.subprocess.SubprocessHook"}
{"timestamp":"2026-10-06T00:21:56.223901","level":"info","event":"\u001b[0m00:21:56","logger":"airflow.task.hooks.airflow.providers.standard.hooks.subprocess.SubprocessHook"}
{"timestamp":"2026-10-06T00:21:56.224164","level":"info","event":"\u001b[0m00:21:56  Concurrency: 8 threads (target='dev')","logger":"airflow.task.hooks.airflow.providers.standard.hooks.subprocess.SubprocessHook"}
{"timestamp":"2026-10-06T00:21:56.224420","level":"info","event":"\u001b[0m00:21:56","logger":"airflow.task.hooks.airflow.providers.standard.hooks.subprocess.SubprocessHook"}
{"timestamp":"2026-10-06T00:21:59.677285","level":"info","event":"\u001b[0m00:21:59  1 of 32 START sql table model STAGING_marts.dim_date ........................... [RUN]","logger":"airflow.task.hooks.airflow.providers.standard.hooks.subprocess.SubprocessHook"}
{"timestamp":"2026-10-06T00:21:59.679161","level":"info","event":"\u001b[0m00:21:59  2 of 32 START sql view model STAGING_staging.stg_food .......................... [RUN]","logger":"airflow.task.hooks.airflow.providers.standard.hooks.subprocess.SubprocessHook"}
{"timestamp":"2026-10-06T00:21:59.681711","level":"info","event":"\u001b[0m00:21:59  3 of 32 START sql view model STAGING_staging.stg_menu .......................... [RUN]","logger":"airflow.task.hooks.airflow.providers.standard.hooks.subprocess.SubprocessHook"}
{"timestamp":"2026-10-06T00:21:59.683126","level":"info","event":"\u001b[0m00:21:59  5 of 32 START sql view model STAGING_staging.stg_orders ........................ [RUN]","logger":"airflow.task.hooks.airflow.providers.standard.hooks.subprocess.SubprocessHook"}
{"timestamp":"2026-10-06T00:21:59.684278","level":"info","event":"\u001b[0m00:21:59  6 of 32 START sql view model STAGING_staging.stg_restaurants ................... [RUN]","logger":"airflow.task.hooks.airflow.providers.standard.hooks.subprocess.SubprocessHook"}
{"timestamp":"2026-10-06T00:21:59.684877","level":"info","event":"\u001b[0m00:21:59  7 of 32 START sql view model STAGING_staging.stg_users ......................... [RUN]","logger":"airflow.task.hooks.airflow.providers.standard.hooks.subprocess.SubprocessHook"}
{"timestamp":"2026-10-06T00:21:59.685582","level":"info","event":"\u001b[0m00:21:59  4 of 32 START sql view model STAGING_staging.stg_order_items ................... [RUN]","logger":"airflow.task.hooks.airflow.providers.standard.hooks.subprocess.SubprocessHook"}
{"timestamp":"2026-10-06T00:22:00.828547","level":"info","event":"\u001b[0m00:22:00  4 of 32 OK created sql view model STAGING_staging.stg_order_items .............. [\u001b[32mSUCCESS 1\u001b[0m in 1.13s]","logger":"airflow.task.hooks.airflow.providers.standard.hooks.subprocess.SubprocessHook"}
{"timestamp":"2026-10-06T00:22:00.831339","level":"info","event":"\u001b[0m00:22:00  8 of 32 START test not_null_stg_order_items_order_item_id ...................... [RUN]","logger":"airflow.task.hooks.airflow.providers.standard.hooks.subprocess.SubprocessHook"}
{"timestamp":"2026-10-06T00:22:00.832427","level":"info","event":"\u001b[0m00:22:00  9 of 32 START test unique_stg_order_items_order_item_id ........................ [RUN]","logger":"airflow.task.hooks.airflow.providers.standard.hooks.subprocess.SubprocessHook"}
{"timestamp":"2026-10-06T00:22:00.835965","level":"info","event":"\u001b[0m00:22:00  6 of 32 OK created sql view model STAGING_staging.stg_restaurants .............. [\u001b[32mSUCCESS 1\u001b[0m in 1.15s]","logger":"airflow.task.hooks.airflow.providers.standard.hooks.subprocess.SubprocessHook"}
{"timestamp":"2026-10-06T00:22:00.927102","level":"info","event":"\u001b[0m00:22:00  2 of 32 OK created sql view model STAGING_staging.stg_food ..................... [\u001b[32mSUCCESS 1\u001b[0m in 1.23s]","logger":"airflow.task.hooks.airflow.providers.standard.hooks.subprocess.SubprocessHook"}
{"timestamp":"2026-10-06T00:22:00.930885","level":"info","event":"\u001b[0m00:22:00  10 of 32 START test not_null_stg_restaurants_restaurant_id ..................... [RUN]","logger":"airflow.task.hooks.airflow.providers.standard.hooks.subprocess.SubprocessHook"}
{"timestamp":"2026-10-06T00:22:00.957972","level":"info","event":"\u001b[0m00:22:00  11 of 32 START test unique_stg_restaurants_restaurant_id ....................... [RUN]","logger":"airflow.task.hooks.airflow.providers.standard.hooks.subprocess.SubprocessHook"}
{"timestamp":"2026-10-06T00:22:01.037377","level":"info","event":"\u001b[0m00:22:01  3 of 32 OK created sql view model STAGING_staging.stg_menu ..................... [\u001b[32mSUCCESS 1\u001b[0m in 1.34s]","logger":"airflow.task.hooks.airflow.providers.standard.hooks.subprocess.SubprocessHook"}
{"timestamp":"2026-10-06T00:22:01.040046","level":"info","event":"\u001b[0m00:22:01  7 of 32 OK created sql view model STAGING_staging.stg_users .................... [\u001b[32mSUCCESS 1\u001b[0m in 1.35s]","logger":"airflow.task.hooks.airflow.providers.standard.hooks.subprocess.SubprocessHook"}
{"timestamp":"2026-10-06T00:22:01.059179","level":"info","event":"\u001b[0m00:22:01  12 of 32 START sql table model STAGING_marts.dim_food .......................... [RUN]","logger":"airflow.task.hooks.airflow.providers.standard.hooks.subprocess.SubprocessHook"}
{"timestamp":"2026-10-06T00:22:01.062415","level":"info","event":"\u001b[0m00:22:01  13 of 32 START test not_null_stg_users_customer_id ............................. [RUN]","logger":"airflow.task.hooks.airflow.providers.standard.hooks.subprocess.SubprocessHook"}
{"timestamp":"2026-10-06T00:22:01.108496","level":"info","event":"\u001b[0m00:22:01  5 of 32 OK created sql view model STAGING_staging.stg_orders ................... [\u001b[32mSUCCESS 1\u001b[0m in 1.42s]","logger":"airflow.task.hooks.airflow.providers.standard.hooks.subprocess.SubprocessHook"}
{"timestamp":"2026-10-06T00:22:01.111706","level":"info","event":"\u001b[0m00:22:01  14 of 32 START test unique_stg_users_customer_id ............................... [RUN]","logger":"airflow.task.hooks.airflow.providers.standard.hooks.subprocess.SubprocessHook"}
{"timestamp":"2026-10-06T00:22:01.903735","level":"info","event":"\u001b[0m00:22:01  10 of 32 PASS not_null_stg_restaurants_restaurant_id ........................... [\u001b[32mPASS\u001b[0m in 0.95s]","logger":"airflow.task.hooks.airflow.providers.standard.hooks.subprocess.SubprocessHook"}
{"timestamp":"2026-10-06T00:22:01.906198","level":"info","event":"\u001b[0m00:22:01  15 of 32 START test not_null_stg_orders_customer_id ............................ [RUN]","logger":"airflow.task.hooks.airflow.providers.standard.hooks.subprocess.SubprocessHook"}
{"timestamp":"2026-10-06T00:22:01.972969","level":"info","event":"\u001b[0m00:22:01  13 of 32 PASS not_null_stg_users_customer_id ................................... [\u001b[32mPASS\u001b[0m in 0.90s]","logger":"airflow.task.hooks.airflow.providers.standard.hooks.subprocess.SubprocessHook"}
{"timestamp":"2026-10-06T00:22:01.976182","level":"info","event":"\u001b[0m00:22:01  1 of 32 OK created sql table model STAGING_marts.dim_date ...................... [\u001b[32mSUCCESS 1\u001b[0m in 2.29s]","logger":"airflow.task.hooks.airflow.providers.standard.hooks.subprocess.SubprocessHook"}
{"timestamp":"2026-10-06T00:22:01.977838","level":"info","event":"\u001b[0m00:22:01  16 of 32 START test not_null_stg_orders_order_id ............................... [RUN]","logger":"airflow.task.hooks.airflow.providers.standard.hooks.subprocess.SubprocessHook"}
{"timestamp":"2026-10-06T00:22:01.979289","level":"info","event":"\u001b[0m00:22:01  17 of 32 START test not_null_stg_orders_restaurant_id .......................... [RUN]","logger":"airflow.task.hooks.airflow.providers.standard.hooks.subprocess.SubprocessHook"}
{"timestamp":"2026-10-06T00:22:02.230108","level":"info","event":"\u001b[0m00:22:02  8 of 32 PASS not_null_stg_order_items_order_item_id ............................ [\u001b[32mPASS\u001b[0m in 1.40s]","logger":"airflow.task.hooks.airflow.providers.standard.hooks.subprocess.SubprocessHook"}
{"timestamp":"2026-10-06T00:22:02.232344","level":"info","event":"\u001b[0m00:22:02  18 of 32 START test unique_stg_orders_order_id ................................. [RUN]","logger":"airflow.task.hooks.airflow.providers.standard.hooks.subprocess.SubprocessHook"}
{"timestamp":"2026-10-06T00:22:02.293026","level":"info","event":"\u001b[0m00:22:02  11 of 32 PASS unique_stg_restaurants_restaurant_id ............................. [\u001b[32mPASS\u001b[0m in 1.33s]","logger":"airflow.task.hooks.airflow.providers.standard.hooks.subprocess.SubprocessHook"}
{"timestamp":"2026-10-06T00:22:02.297767","level":"info","event":"\u001b[0m00:22:02  19 of 32 START sql table model STAGING_marts.dim_restaurants ................... [RUN]","logger":"airflow.task.hooks.airflow.providers.standard.hooks.subprocess.SubprocessHook"}
{"timestamp":"2026-10-06T00:22:02.348716","level":"info","event":"\u001b[0m00:22:02  14 of 32 PASS unique_stg_users_customer_id ..................................... [\u001b[32mPASS\u001b[0m in 1.23s]","logger":"airflow.task.hooks.airflow.providers.standard.hooks.subprocess.SubprocessHook"}
{"timestamp":"2026-10-06T00:22:02.355192","level":"info","event":"\u001b[0m00:22:02  20 of 32 START sql view model STAGING_staging.stg_reviews ...................... [RUN]","logger":"airflow.task.hooks.airflow.providers.standard.hooks.subprocess.SubprocessHook"}
{"timestamp":"2026-10-06T00:22:02.412832","level":"info","event":"\u001b[0m00:22:02  9 of 32 PASS unique_stg_order_items_order_item_id .............................. [\u001b[32mPASS\u001b[0m in 1.58s]","logger":"airflow.task.hooks.airflow.providers.standard.hooks.subprocess.SubprocessHook"}
{"timestamp":"2026-10-06T00:22:02.414448","level":"info","event":"\u001b[0m00:22:02  21 of 32 START sql table model STAGING_marts.dim_customer ...................... [RUN]","logger":"airflow.task.hooks.airflow.providers.standard.hooks.subprocess.SubprocessHook"}
{"timestamp":"2026-10-06T00:22:02.836849","level":"info","event":"\u001b[0m00:22:02  15 of 32 PASS not_null_stg_orders_customer_id .................................. [\u001b[32mPASS\u001b[0m in 0.93s]","logger":"airflow.task.hooks.airflow.providers.standard.hooks.subprocess.SubprocessHook"}
{"timestamp":"2026-10-06T00:22:02.879586","level":"info","event":"\u001b[0m00:22:02  16 of 32 PASS not_null_stg_orders_order_id ..................................... [\u001b[32mPASS\u001b[0m in 0.90s]","logger":"airflow.task.hooks.airflow.providers.standard.hooks.subprocess.SubprocessHook"}
{"timestamp":"2026-10-06T00:22:02.923990","level":"info","event":"\u001b[0m00:22:02  17 of 32 PASS not_null_stg_orders_restaurant_id ................................ [\u001b[32mPASS\u001b[0m in 0.94s]","logger":"airflow.task.hooks.airflow.providers.standard.hooks.subprocess.SubprocessHook"}
{"timestamp":"2026-10-06T00:22:03.378591","level":"info","event":"\u001b[0m00:22:03  20 of 32 OK created sql view model STAGING_staging.stg_reviews ................. [\u001b[32mSUCCESS 1\u001b[0m in 1.02s]","logger":"airflow.task.hooks.airflow.providers.standard.hooks.subprocess.SubprocessHook"}
{"timestamp":"2026-10-06T00:22:03.381256","level":"info","event":"\u001b[0m00:22:03  22 of 32 START test not_null_stg_reviews_review_id ............................. [RUN]","logger":"airflow.task.hooks.airflow.providers.standard.hooks.subprocess.SubprocessHook"}
{"timestamp":"2026-10-06T00:22:03.382680","level":"info","event":"\u001b[0m00:22:03  23 of 32 START test unique_stg_reviews_review_id ............................... [RUN]","logger":"airflow.task.hooks.airflow.providers.standard.hooks.subprocess.SubprocessHook"}
{"timestamp":"2026-10-06T00:22:03.461840","level":"info","event":"\u001b[0m00:22:03  18 of 32 PASS unique_stg_orders_order_id ....................................... [\u001b[32mPASS\u001b[0m in 1.23s]","logger":"airflow.task.hooks.airflow.providers.standard.hooks.subprocess.SubprocessHook"}
{"timestamp":"2026-10-06T00:22:03.465755","level":"info","event":"\u001b[0m00:22:03  24 of 32 START sql incremental model STAGING_marts.fact_order_items ............ [RUN]","logger":"airflow.task.hooks.airflow.providers.standard.hooks.subprocess.SubprocessHook"}
{"timestamp":"2026-10-06T00:22:03.466638","level":"info","event":"\u001b[0m00:22:03  25 of 32 START sql incremental model STAGING_marts.fct_orders .................. [RUN]","logger":"airflow.task.hooks.airflow.providers.standard.hooks.subprocess.SubprocessHook"}
{"timestamp":"2026-10-06T00:22:03.707007","level":"info","event":"\u001b[0m00:22:03  12 of 32 OK created sql table model STAGING_marts.dim_food ..................... [\u001b[32mSUCCESS 1\u001b[0m in 2.64s]","logger":"airflow.task.hooks.airflow.providers.standard.hooks.subprocess.SubprocessHook"}
{"timestamp":"2026-10-06T00:22:04.229713","level":"info","event":"\u001b[0m00:22:04  19 of 32 OK created sql table model STAGING_marts.dim_restaurants .............. [\u001b[32mSUCCESS 1\u001b[0m in 1.93s]","logger":"airflow.task.hooks.airflow.providers.standard.hooks.subprocess.SubprocessHook"}
{"timestamp":"2026-10-06T00:22:04.413057","level":"info","event":"\u001b[0m00:22:04  21 of 32 OK created sql table model STAGING_marts.dim_customer ................. [\u001b[32mSUCCESS 1\u001b[0m in 2.00s]","logger":"airflow.task.hooks.airflow.providers.standard.hooks.subprocess.SubprocessHook"}
{"timestamp":"2026-10-06T00:22:04.533707","level":"info","event":"\u001b[0m00:22:04  22 of 32 PASS not_null_stg_reviews_review_id ................................... [\u001b[32mPASS\u001b[0m in 1.15s]","logger":"airflow.task.hooks.airflow.providers.standard.hooks.subprocess.SubprocessHook"}
{"timestamp":"2026-10-06T00:22:05.102057","level":"info","event":"\u001b[0m00:22:05  23 of 32 PASS unique_stg_reviews_review_id ..................................... [\u001b[32mPASS\u001b[0m in 1.72s]","logger":"airflow.task.hooks.airflow.providers.standard.hooks.subprocess.SubprocessHook"}
{"timestamp":"2026-10-06T00:22:06.469465","level":"info","event":"\u001b[0m00:22:06  25 of 32 OK created sql incremental model STAGING_marts.fct_orders ............. [\u001b[32mSUCCESS 0\u001b[0m in 3.00s]","logger":"airflow.task.hooks.airflow.providers.standard.hooks.subprocess.SubprocessHook"}
{"timestamp":"2026-10-06T00:22:06.474527","level":"info","event":"\u001b[0m00:22:06  26 of 32 START test accepted_values_fct_orders_order_status__Delivered__Cancelled__Refunded  [RUN]","logger":"airflow.task.hooks.airflow.providers.standard.hooks.subprocess.SubprocessHook"}
{"timestamp":"2026-10-06T00:22:06.475493","level":"info","event":"\u001b[0m00:22:06  27 of 32 START test not_null_fct_orders_order_id ............................... [RUN]","logger":"airflow.task.hooks.airflow.providers.standard.hooks.subprocess.SubprocessHook"}
{"timestamp":"2026-10-06T00:22:06.475963","level":"info","event":"\u001b[0m00:22:06  28 of 32 START test relationships_fct_orders_customer_id__customer_id__ref_dim_customer_  [RUN]","logger":"airflow.task.hooks.airflow.providers.standard.hooks.subprocess.SubprocessHook"}
{"timestamp":"2026-10-06T00:22:06.477337","level":"info","event":"\u001b[0m00:22:06  29 of 32 START test unique_fct_orders_order_id ................................. [RUN]","logger":"airflow.task.hooks.airflow.providers.standard.hooks.subprocess.SubprocessHook"}
{"timestamp":"2026-10-06T00:22:06.532352","level":"info","event":"\u001b[0m00:22:06  24 of 32 OK created sql incremental model STAGING_marts.fact_order_items ....... [\u001b[32mSUCCESS 0\u001b[0m in 3.06s]","logger":"airflow.task.hooks.airflow.providers.standard.hooks.subprocess.SubprocessHook"}
{"timestamp":"2026-10-06T00:22:07.250611","level":"info","event":"\u001b[0m00:22:07  27 of 32 PASS not_null_fct_orders_order_id ..................................... [\u001b[32mPASS\u001b[0m in 0.77s]","logger":"airflow.task.hooks.airflow.providers.standard.hooks.subprocess.SubprocessHook"}
{"timestamp":"2026-10-06T00:22:07.278671","level":"info","event":"\u001b[0m00:22:07  26 of 32 PASS accepted_values_fct_orders_order_status__Delivered__Cancelled__Refunded  [\u001b[32mPASS\u001b[0m in 0.80s]","logger":"airflow.task.hooks.airflow.providers.standard.hooks.subprocess.SubprocessHook"}
{"timestamp":"2026-10-06T00:22:07.284821","level":"info","event":"\u001b[0m00:22:07  29 of 32 PASS unique_fct_orders_order_id ....................................... [\u001b[32mPASS\u001b[0m in 0.80s]","logger":"airflow.task.hooks.airflow.providers.standard.hooks.subprocess.SubprocessHook"}
{"timestamp":"2026-10-06T00:22:07.288531","level":"info","event":"\u001b[0m00:22:07  30 of 32 START sql table model STAGING_marts.mart_daily_city_revenune .......... [RUN]","logger":"airflow.task.hooks.airflow.providers.standard.hooks.subprocess.SubprocessHook"}
{"timestamp":"2026-10-06T00:22:07.289223","level":"info","event":"\u001b[0m00:22:07  31 of 32 START sql table model STAGING_marts.mart_delivery_sla ................. [RUN]","logger":"airflow.task.hooks.airflow.providers.standard.hooks.subprocess.SubprocessHook"}
{"timestamp":"2026-10-06T00:22:07.289970","level":"info","event":"\u001b[0m00:22:07  32 of 32 START sql table model STAGING_marts.mart_restaurant_performance ....... [RUN]","logger":"airflow.task.hooks.airflow.providers.standard.hooks.subprocess.SubprocessHook"}
{"timestamp":"2026-10-06T00:22:12.113522","level":"info","event":"\u001b[0m00:22:12  30 of 32 OK created sql table model STAGING_marts.mart_daily_city_revenune ..... [\u001b[32mSUCCESS 1\u001b[0m in 4.81s]","logger":"airflow.task.hooks.airflow.providers.standard.hooks.subprocess.SubprocessHook"}
{"timestamp":"2026-10-06T00:22:12.721909","level":"info","event":"\u001b[0m00:22:12  31 of 32 OK created sql table model STAGING_marts.mart_delivery_sla ............ [\u001b[32mSUCCESS 1\u001b[0m in 5.43s]","logger":"airflow.task.hooks.airflow.providers.standard.hooks.subprocess.SubprocessHook"}
{"timestamp":"2026-10-06T00:22:12.896592","level":"info","event":"\u001b[0m00:22:12  32 of 32 OK created sql table model STAGING_marts.mart_restaurant_performance .. [\u001b[32mSUCCESS 1\u001b[0m in 5.60s]","logger":"airflow.task.hooks.airflow.providers.standard.hooks.subprocess.SubprocessHook"}
{"timestamp":"2026-10-06T00:22:20.027444","level":"info","event":"\u001b[0m00:22:20  28 of 32 PASS relationships_fct_orders_customer_id__customer_id__ref_dim_customer_  [\u001b[32mPASS\u001b[0m in 13.55s]","logger":"airflow.task.hooks.airflow.providers.standard.hooks.subprocess.SubprocessHook"}
{"timestamp":"2026-10-06T00:22:20.044359","level":"info","event":"\u001b[0m00:22:20","logger":"airflow.task.hooks.airflow.providers.standard.hooks.subprocess.SubprocessHook"}
{"timestamp":"2026-10-06T00:22:20.045083","level":"info","event":"\u001b[0m00:22:20  Finished running 2 incremental models, 7 table models, 16 data tests, 7 view models in 0 hours 0 minutes and 23.82 seconds (23.82s).","logger":"airflow.task.hooks.airflow.providers.standard.hooks.subprocess.SubprocessHook"}
{"timestamp":"2026-10-06T00:22:20.147577","level":"info","event":"\u001b[0m00:22:20","logger":"airflow.task.hooks.airflow.providers.standard.hooks.subprocess.SubprocessHook"}
{"timestamp":"2026-10-06T00:22:20.147920","level":"info","event":"\u001b[0m00:22:20  \u001b[32mCompleted successfully\u001b[0m","logger":"airflow.task.hooks.airflow.providers.standard.hooks.subprocess.SubprocessHook"}
{"timestamp":"2026-10-06T00:22:20.148288","level":"info","event":"\u001b[0m00:22:20","logger":"airflow.task.hooks.airflow.providers.standard.hooks.subprocess.SubprocessHook"}
{"timestamp":"2026-10-06T00:22:20.149278","level":"info","event":"\u001b[0m00:22:20  Done. PASS=32 WARN=0 ERROR=0 SKIP=0 NO-OP=0 REUSED=0 TOTAL=32","logger":"airflow.task.hooks.airflow.providers.standard.hooks.subprocess.SubprocessHook"}
{"timestamp":"2026-10-06T00:22:21.132838","level":"info","event":"Command exited with return code 0","logger":"airflow.task.hooks.airflow.providers.standard.hooks.subprocess.SubprocessHook"}
{"timestamp":"2026-10-06T00:22:21.136813","level":"info","event":"Pushing xcom","ti":"RuntimeTaskInstance(id=UUID('01a10e96-59fa-7b02-8457-1cc02cf6e029'), task_id='dbt_build_core', dag_id='zomato_batch', run_id='scheduled__2026-10-06T00:00:00+00:00', try_number=1, map_index=-1, hostname='190e24e2aa1c', context_carrier=None, task=<Task(BashOperator): dbt_build_core>, bundle_instance=LocalDagBundle(name=dags-folder), max_tries=0, start_date=datetime.datetime(2026, 10, 6, 0, 21, 52, 719000, tzinfo=datetime.timezone.utc), end_date=None, state=<TaskInstanceState.RUNNING: 'running'>, is_mapped=False, rendered_map_index=None, log_url='http://localhost:8080/dags/zomato_batch/runs/scheduled__2026-10-06T00%3A00%3A00%2B00%3A00/tasks/dbt_build_core?try_number=1')","logger":"task"}
