{"timestamp":"2026-10-05T03:33:12.043014","level":"info","event":"DAG bundles loaded: dags-folder","logger":"airflow.dag_processing.bundles.manager.DagBundlesManager"}
{"timestamp":"2026-10-05T03:33:12.043613","level":"info","event":"Filling up the DagBag from /opt/airflow/dags/zomato_batch.py","logger":"airflow.models.dagbag.DagBag"}
{"timestamp":"2026-10-05T03:33:12.095018","level":"info","event":"Tmp dir root location: /tmp","logger":"airflow.task.hooks.airflow.providers.standard.hooks.subprocess.SubprocessHook"}
{"timestamp":"2026-10-05T03:33:12.095916","level":"info","event":"Running command: ['/usr/bin/bash', '-c', '/opt/airflow/dbt_venv/bin/dbt build --exclude tag:ai --project-dir /opt/airflow/dbt/zomato --profiles-dir /opt/airflow/dbt/zomato']","logger":"airflow.task.hooks.airflow.providers.standard.hooks.subprocess.SubprocessHook"}
{"timestamp":"2026-10-05T03:33:12.102418","level":"info","event":"Output:","logger":"airflow.task.hooks.airflow.providers.standard.hooks.subprocess.SubprocessHook"}
{"timestamp":"2026-10-05T03:33:13.984972","level":"info","event":"\u001b[0m03:33:13  Running with dbt=1.12.5","logger":"airflow.task.hooks.airflow.providers.standard.hooks.subprocess.SubprocessHook"}
{"timestamp":"2026-10-05T03:33:14.451885","level":"info","event":"\u001b[0m03:33:14  Registered adapter: snowflake=1.8.4","logger":"airflow.task.hooks.airflow.providers.standard.hooks.subprocess.SubprocessHook"}
{"timestamp":"2026-10-05T03:33:14.645068","level":"info","event":"\u001b[0m03:33:14  [\u001b[33mWARNING\u001b[0m]: Configuration paths exist in your dbt_project.yml file which do not apply to any resources.","logger":"airflow.task.hooks.airflow.providers.standard.hooks.subprocess.SubprocessHook"}
{"timestamp":"2026-10-05T03:33:14.645189","level":"info","event":"There are 1 unused configuration paths:","logger":"airflow.task.hooks.airflow.providers.standard.hooks.subprocess.SubprocessHook"}
{"timestamp":"2026-10-05T03:33:14.645236","level":"info","event":"- models.snapshot.zomato","logger":"airflow.task.hooks.airflow.providers.standard.hooks.subprocess.SubprocessHook"}
{"timestamp":"2026-10-05T03:33:14.804562","level":"info","event":"\u001b[0m03:33:14  Found 16 models, 16 data tests, 7 sources, 505 macros","logger":"airflow.task.hooks.airflow.providers.standard.hooks.subprocess.SubprocessHook"}
{"timestamp":"2026-10-05T03:33:14.806457","level":"info","event":"\u001b[0m03:33:14  [\u001b[33mWARNING\u001b[0m]: The selection criterion 'tag:ai' does not match any enabled nodes","logger":"airflow.task.hooks.airflow.providers.standard.hooks.subprocess.SubprocessHook"}
{"timestamp":"2026-10-05T03:33:14.808376","level":"info","event":"\u001b[0m03:33:14","logger":"airflow.task.hooks.airflow.providers.standard.hooks.subprocess.SubprocessHook"}
{"timestamp":"2026-10-05T03:33:14.808631","level":"info","event":"\u001b[0m03:33:14  Concurrency: 8 threads (target='dev')","logger":"airflow.task.hooks.airflow.providers.standard.hooks.subprocess.SubprocessHook"}
{"timestamp":"2026-10-05T03:33:14.809021","level":"info","event":"\u001b[0m03:33:14","logger":"airflow.task.hooks.airflow.providers.standard.hooks.subprocess.SubprocessHook"}
{"timestamp":"2026-10-05T03:33:17.557589","level":"info","event":"\u001b[0m03:33:17  1 of 32 START sql table model STAGING_marts.dim_date ........................... [RUN]","logger":"airflow.task.hooks.airflow.providers.standard.hooks.subprocess.SubprocessHook"}
{"timestamp":"2026-10-05T03:33:17.559525","level":"info","event":"\u001b[0m03:33:17  2 of 32 START sql view model STAGING_staging.stg_food .......................... [RUN]","logger":"airflow.task.hooks.airflow.providers.standard.hooks.subprocess.SubprocessHook"}
{"timestamp":"2026-10-05T03:33:17.561533","level":"info","event":"\u001b[0m03:33:17  3 of 32 START sql view model STAGING_staging.stg_menu .......................... [RUN]","logger":"airflow.task.hooks.airflow.providers.standard.hooks.subprocess.SubprocessHook"}
{"timestamp":"2026-10-05T03:33:17.563393","level":"info","event":"\u001b[0m03:33:17  4 of 32 START sql view model STAGING_staging.stg_order_items ................... [RUN]","logger":"airflow.task.hooks.airflow.providers.standard.hooks.subprocess.SubprocessHook"}
{"timestamp":"2026-10-05T03:33:17.564233","level":"info","event":"\u001b[0m03:33:17  5 of 32 START sql view model STAGING_staging.stg_orders ........................ [RUN]","logger":"airflow.task.hooks.airflow.providers.standard.hooks.subprocess.SubprocessHook"}
{"timestamp":"2026-10-05T03:33:17.566220","level":"info","event":"\u001b[0m03:33:17  6 of 32 START sql view model STAGING_staging.stg_restaurants ................... [RUN]","logger":"airflow.task.hooks.airflow.providers.standard.hooks.subprocess.SubprocessHook"}
{"timestamp":"2026-10-05T03:33:17.567135","level":"info","event":"\u001b[0m03:33:17  7 of 32 START sql view model STAGING_staging.stg_users ......................... [RUN]","logger":"airflow.task.hooks.airflow.providers.standard.hooks.subprocess.SubprocessHook"}
{"timestamp":"2026-10-05T03:33:18.653110","level":"info","event":"\u001b[0m03:33:18  3 of 32 OK created sql view model STAGING_staging.stg_menu ..................... [\u001b[32mSUCCESS 1\u001b[0m in 1.08s]","logger":"airflow.task.hooks.airflow.providers.standard.hooks.subprocess.SubprocessHook"}
{"timestamp":"2026-10-05T03:33:18.678437","level":"info","event":"\u001b[0m03:33:18  7 of 32 OK created sql view model STAGING_staging.stg_users .................... [\u001b[32mSUCCESS 1\u001b[0m in 1.11s]","logger":"airflow.task.hooks.airflow.providers.standard.hooks.subprocess.SubprocessHook"}
{"timestamp":"2026-10-05T03:33:18.680903","level":"info","event":"\u001b[0m03:33:18  8 of 32 START test not_null_stg_users_customer_id .............................. [RUN]","logger":"airflow.task.hooks.airflow.providers.standard.hooks.subprocess.SubprocessHook"}
{"timestamp":"2026-10-05T03:33:18.681330","level":"info","event":"\u001b[0m03:33:18  9 of 32 START test unique_stg_users_customer_id ................................ [RUN]","logger":"airflow.task.hooks.airflow.providers.standard.hooks.subprocess.SubprocessHook"}
{"timestamp":"2026-10-05T03:33:18.796208","level":"info","event":"\u001b[0m03:33:18  4 of 32 OK created sql view model STAGING_staging.stg_order_items .............. [\u001b[32mSUCCESS 1\u001b[0m in 1.22s]","logger":"airflow.task.hooks.airflow.providers.standard.hooks.subprocess.SubprocessHook"}
{"timestamp":"2026-10-05T03:33:18.796800","level":"info","event":"\u001b[0m03:33:18  2 of 32 OK created sql view model STAGING_staging.stg_food ..................... [\u001b[32mSUCCESS 1\u001b[0m in 1.23s]","logger":"airflow.task.hooks.airflow.providers.standard.hooks.subprocess.SubprocessHook"}
{"timestamp":"2026-10-05T03:33:18.797844","level":"info","event":"\u001b[0m03:33:18  5 of 32 OK created sql view model STAGING_staging.stg_orders ................... [\u001b[32mSUCCESS 1\u001b[0m in 1.23s]","logger":"airflow.task.hooks.airflow.providers.standard.hooks.subprocess.SubprocessHook"}
{"timestamp":"2026-10-05T03:33:18.821163","level":"info","event":"\u001b[0m03:33:18  10 of 32 START test not_null_stg_order_items_order_item_id ..................... [RUN]","logger":"airflow.task.hooks.airflow.providers.standard.hooks.subprocess.SubprocessHook"}
{"timestamp":"2026-10-05T03:33:18.821692","level":"info","event":"\u001b[0m03:33:18  11 of 32 START test unique_stg_order_items_order_item_id ....................... [RUN]","logger":"airflow.task.hooks.airflow.providers.standard.hooks.subprocess.SubprocessHook"}
{"timestamp":"2026-10-05T03:33:18.822224","level":"info","event":"\u001b[0m03:33:18  12 of 32 START sql table model STAGING_marts.dim_food .......................... [RUN]","logger":"airflow.task.hooks.airflow.providers.standard.hooks.subprocess.SubprocessHook"}
{"timestamp":"2026-10-05T03:33:18.822829","level":"info","event":"\u001b[0m03:33:18  13 of 32 START test not_null_stg_orders_customer_id ............................ [RUN]","logger":"airflow.task.hooks.airflow.providers.standard.hooks.subprocess.SubprocessHook"}
{"timestamp":"2026-10-05T03:33:18.877266","level":"info","event":"\u001b[0m03:33:18  6 of 32 OK created sql view model STAGING_staging.stg_restaurants .............. [\u001b[32mSUCCESS 1\u001b[0m in 1.30s]","logger":"airflow.task.hooks.airflow.providers.standard.hooks.subprocess.SubprocessHook"}
{"timestamp":"2026-10-05T03:33:18.903892","level":"info","event":"\u001b[0m03:33:18  14 of 32 START test not_null_stg_orders_order_id ............................... [RUN]","logger":"airflow.task.hooks.airflow.providers.standard.hooks.subprocess.SubprocessHook"}
{"timestamp":"2026-10-05T03:33:19.552576","level":"info","event":"\u001b[0m03:33:19  1 of 32 OK created sql table model STAGING_marts.dim_date ...................... [\u001b[32mSUCCESS 1\u001b[0m in 1.99s]","logger":"airflow.task.hooks.airflow.providers.standard.hooks.subprocess.SubprocessHook"}
{"timestamp":"2026-10-05T03:33:19.554762","level":"info","event":"\u001b[0m03:33:19  15 of 32 START test not_null_stg_orders_restaurant_id .......................... [RUN]","logger":"airflow.task.hooks.airflow.providers.standard.hooks.subprocess.SubprocessHook"}
{"timestamp":"2026-10-05T03:33:19.676145","level":"info","event":"\u001b[0m03:33:19  8 of 32 PASS not_null_stg_users_customer_id .................................... [\u001b[32mPASS\u001b[0m in 0.99s]","logger":"airflow.task.hooks.airflow.providers.standard.hooks.subprocess.SubprocessHook"}
{"timestamp":"2026-10-05T03:33:19.677414","level":"info","event":"\u001b[0m03:33:19  16 of 32 START test unique_stg_orders_order_id ................................. [RUN]","logger":"airflow.task.hooks.airflow.providers.standard.hooks.subprocess.SubprocessHook"}
{"timestamp":"2026-10-05T03:33:19.740480","level":"info","event":"\u001b[0m03:33:19  9 of 32 PASS unique_stg_users_customer_id ...................................... [\u001b[32mPASS\u001b[0m in 1.06s]","logger":"airflow.task.hooks.airflow.providers.standard.hooks.subprocess.SubprocessHook"}
{"timestamp":"2026-10-05T03:33:19.742213","level":"info","event":"\u001b[0m03:33:19  17 of 32 START test not_null_stg_restaurants_restaurant_id ..................... [RUN]","logger":"airflow.task.hooks.airflow.providers.standard.hooks.subprocess.SubprocessHook"}
{"timestamp":"2026-10-05T03:33:19.861818","level":"info","event":"\u001b[0m03:33:19  13 of 32 PASS not_null_stg_orders_customer_id .................................. [\u001b[32mPASS\u001b[0m in 1.01s]","logger":"airflow.task.hooks.airflow.providers.standard.hooks.subprocess.SubprocessHook"}
{"timestamp":"2026-10-05T03:33:19.881547","level":"info","event":"\u001b[0m03:33:19  10 of 32 PASS not_null_stg_order_items_order_item_id ........................... [\u001b[32mPASS\u001b[0m in 1.06s]","logger":"airflow.task.hooks.airflow.providers.standard.hooks.subprocess.SubprocessHook"}
{"timestamp":"2026-10-05T03:33:19.889610","level":"info","event":"\u001b[0m03:33:19  14 of 32 PASS not_null_stg_orders_order_id ..................................... [\u001b[32mPASS\u001b[0m in 0.98s]","logger":"airflow.task.hooks.airflow.providers.standard.hooks.subprocess.SubprocessHook"}
{"timestamp":"2026-10-05T03:33:19.903771","level":"info","event":"\u001b[0m03:33:19  18 of 32 START test unique_stg_restaurants_restaurant_id ....................... [RUN]","logger":"airflow.task.hooks.airflow.providers.standard.hooks.subprocess.SubprocessHook"}
{"timestamp":"2026-10-05T03:33:19.906024","level":"info","event":"\u001b[0m03:33:19  19 of 32 START sql table model STAGING_marts.dim_customer ...................... [RUN]","logger":"airflow.task.hooks.airflow.providers.standard.hooks.subprocess.SubprocessHook"}
{"timestamp":"2026-10-05T03:33:20.216039","level":"info","event":"\u001b[0m03:33:20  11 of 32 PASS unique_stg_order_items_order_item_id ............................. [\u001b[32mPASS\u001b[0m in 1.39s]","logger":"airflow.task.hooks.airflow.providers.standard.hooks.subprocess.SubprocessHook"}
{"timestamp":"2026-10-05T03:33:20.465503","level":"info","event":"\u001b[0m03:33:20  15 of 32 PASS not_null_stg_orders_restaurant_id ................................ [\u001b[32mPASS\u001b[0m in 0.91s]","logger":"airflow.task.hooks.airflow.providers.standard.hooks.subprocess.SubprocessHook"}
{"timestamp":"2026-10-05T03:33:20.600423","level":"info","event":"\u001b[0m03:33:20  17 of 32 PASS not_null_stg_restaurants_restaurant_id ........................... [\u001b[32mPASS\u001b[0m in 0.86s]","logger":"airflow.task.hooks.airflow.providers.standard.hooks.subprocess.SubprocessHook"}
{"timestamp":"2026-10-05T03:33:20.897715","level":"info","event":"\u001b[0m03:33:20  18 of 32 PASS unique_stg_restaurants_restaurant_id ............................. [\u001b[32mPASS\u001b[0m in 0.99s]","logger":"airflow.task.hooks.airflow.providers.standard.hooks.subprocess.SubprocessHook"}
{"timestamp":"2026-10-05T03:33:20.900593","level":"info","event":"\u001b[0m03:33:20  20 of 32 START sql table model STAGING_marts.dim_restaurants ................... [RUN]","logger":"airflow.task.hooks.airflow.providers.standard.hooks.subprocess.SubprocessHook"}
{"timestamp":"2026-10-05T03:33:20.901137","level":"info","event":"\u001b[0m03:33:20  21 of 32 START sql view model STAGING_staging.stg_reviews ...................... [RUN]","logger":"airflow.task.hooks.airflow.providers.standard.hooks.subprocess.SubprocessHook"}
{"timestamp":"2026-10-05T03:33:20.919338","level":"info","event":"\u001b[0m03:33:20  16 of 32 PASS unique_stg_orders_order_id ....................................... [\u001b[32mPASS\u001b[0m in 1.24s]","logger":"airflow.task.hooks.airflow.providers.standard.hooks.subprocess.SubprocessHook"}
{"timestamp":"2026-10-05T03:33:20.938996","level":"info","event":"\u001b[0m03:33:20  22 of 32 START sql incremental model STAGING_marts.fact_order_items ............ [RUN]","logger":"airflow.task.hooks.airflow.providers.standard.hooks.subprocess.SubprocessHook"}
{"timestamp":"2026-10-05T03:33:20.945171","level":"info","event":"\u001b[0m03:33:20  23 of 32 START sql incremental model STAGING_marts.fct_orders .................. [RUN]","logger":"airflow.task.hooks.airflow.providers.standard.hooks.subprocess.SubprocessHook"}
{"timestamp":"2026-10-05T03:33:21.159506","level":"info","event":"\u001b[0m03:33:21  12 of 32 OK created sql table model STAGING_marts.dim_food ..................... [\u001b[32mSUCCESS 1\u001b[0m in 2.33s]","logger":"airflow.task.hooks.airflow.providers.standard.hooks.subprocess.SubprocessHook"}
{"timestamp":"2026-10-05T03:33:21.686246","level":"info","event":"\u001b[0m03:33:21  19 of 32 OK created sql table model STAGING_marts.dim_customer ................. [\u001b[32mSUCCESS 1\u001b[0m in 1.78s]","logger":"airflow.task.hooks.airflow.providers.standard.hooks.subprocess.SubprocessHook"}
{"timestamp":"2026-10-05T03:33:21.937758","level":"info","event":"\u001b[0m03:33:21  21 of 32 OK created sql view model STAGING_staging.stg_reviews ................. [\u001b[32mSUCCESS 1\u001b[0m in 1.03s]","logger":"airflow.task.hooks.airflow.providers.standard.hooks.subprocess.SubprocessHook"}
{"timestamp":"2026-10-05T03:33:21.939999","level":"info","event":"\u001b[0m03:33:21  24 of 32 START test not_null_stg_reviews_review_id ............................. [RUN]","logger":"airflow.task.hooks.airflow.providers.standard.hooks.subprocess.SubprocessHook"}
{"timestamp":"2026-10-05T03:33:21.940571","level":"info","event":"\u001b[0m03:33:21  25 of 32 START test unique_stg_reviews_review_id ............................... [RUN]","logger":"airflow.task.hooks.airflow.providers.standard.hooks.subprocess.SubprocessHook"}
{"timestamp":"2026-10-05T03:33:22.576732","level":"info","event":"\u001b[0m03:33:22  20 of 32 OK created sql table model STAGING_marts.dim_restaurants .............. [\u001b[32mSUCCESS 1\u001b[0m in 1.67s]","logger":"airflow.task.hooks.airflow.providers.standard.hooks.subprocess.SubprocessHook"}
{"timestamp":"2026-10-05T03:33:22.820250","level":"info","event":"\u001b[0m03:33:22  24 of 32 PASS not_null_stg_reviews_review_id ................................... [\u001b[32mPASS\u001b[0m in 0.88s]","logger":"airflow.task.hooks.airflow.providers.standard.hooks.subprocess.SubprocessHook"}
{"timestamp":"2026-10-05T03:33:22.972625","level":"info","event":"\u001b[0m03:33:22  25 of 32 PASS unique_stg_reviews_review_id ..................................... [\u001b[32mPASS\u001b[0m in 1.03s]","logger":"airflow.task.hooks.airflow.providers.standard.hooks.subprocess.SubprocessHook"}
{"timestamp":"2026-10-05T03:33:24.402100","level":"info","event":"\u001b[0m03:33:24  23 of 32 OK created sql incremental model STAGING_marts.fct_orders ............. [\u001b[32mSUCCESS 0\u001b[0m in 3.44s]","logger":"airflow.task.hooks.airflow.providers.standard.hooks.subprocess.SubprocessHook"}
{"timestamp":"2026-10-05T03:33:24.404971","level":"info","event":"\u001b[0m03:33:24  22 of 32 OK created sql incremental model STAGING_marts.fact_order_items ....... [\u001b[32mSUCCESS 0\u001b[0m in 3.45s]","logger":"airflow.task.hooks.airflow.providers.standard.hooks.subprocess.SubprocessHook"}
{"timestamp":"2026-10-05T03:33:24.408284","level":"info","event":"\u001b[0m03:33:24  26 of 32 START test accepted_values_fct_orders_order_status__Delivered__Cancelled__Refunded  [RUN]","logger":"airflow.task.hooks.airflow.providers.standard.hooks.subprocess.SubprocessHook"}
{"timestamp":"2026-10-05T03:33:24.408748","level":"info","event":"\u001b[0m03:33:24  27 of 32 START test not_null_fct_orders_order_id ............................... [RUN]","logger":"airflow.task.hooks.airflow.providers.standard.hooks.subprocess.SubprocessHook"}
{"timestamp":"2026-10-05T03:33:24.409265","level":"info","event":"\u001b[0m03:33:24  28 of 32 START test relationships_fct_orders_customer_id__customer_id__ref_dim_customer_  [RUN]","logger":"airflow.task.hooks.airflow.providers.standard.hooks.subprocess.SubprocessHook"}
{"timestamp":"2026-10-05T03:33:24.409750","level":"info","event":"\u001b[0m03:33:24  29 of 32 START test unique_fct_orders_order_id ................................. [RUN]","logger":"airflow.task.hooks.airflow.providers.standard.hooks.subprocess.SubprocessHook"}
{"timestamp":"2026-10-05T03:33:25.192818","level":"info","event":"\u001b[0m03:33:25  29 of 32 PASS unique_fct_orders_order_id ....................................... [\u001b[32mPASS\u001b[0m in 0.78s]","logger":"airflow.task.hooks.airflow.providers.standard.hooks.subprocess.SubprocessHook"}
{"timestamp":"2026-10-05T03:33:25.197052","level":"info","event":"\u001b[0m03:33:25  27 of 32 PASS not_null_fct_orders_order_id ..................................... [\u001b[32mPASS\u001b[0m in 0.79s]","logger":"airflow.task.hooks.airflow.providers.standard.hooks.subprocess.SubprocessHook"}
{"timestamp":"2026-10-05T03:33:25.223753","level":"info","event":"\u001b[0m03:33:25  26 of 32 PASS accepted_values_fct_orders_order_status__Delivered__Cancelled__Refunded  [\u001b[32mPASS\u001b[0m in 0.81s]","logger":"airflow.task.hooks.airflow.providers.standard.hooks.subprocess.SubprocessHook"}
{"timestamp":"2026-10-05T03:33:25.228060","level":"info","event":"\u001b[0m03:33:25  30 of 32 START sql table model STAGING_marts.mart_daily_city_revenune .......... [RUN]","logger":"airflow.task.hooks.airflow.providers.standard.hooks.subprocess.SubprocessHook"}
{"timestamp":"2026-10-05T03:33:25.228928","level":"info","event":"\u001b[0m03:33:25  31 of 32 START sql table model STAGING_marts.mart_delivery_sla ................. [RUN]","logger":"airflow.task.hooks.airflow.providers.standard.hooks.subprocess.SubprocessHook"}
{"timestamp":"2026-10-05T03:33:25.229842","level":"info","event":"\u001b[0m03:33:25  32 of 32 START sql table model STAGING_marts.mart_restaurant_performance ....... [RUN]","logger":"airflow.task.hooks.airflow.providers.standard.hooks.subprocess.SubprocessHook"}
{"timestamp":"2026-10-05T03:33:25.446319","level":"info","event":"\u001b[0m03:33:25  28 of 32 PASS relationships_fct_orders_customer_id__customer_id__ref_dim_customer_  [\u001b[32mPASS\u001b[0m in 1.03s]","logger":"airflow.task.hooks.airflow.providers.standard.hooks.subprocess.SubprocessHook"}
{"timestamp":"2026-10-05T03:33:27.802526","level":"info","event":"\u001b[0m03:33:27  31 of 32 OK created sql table model STAGING_marts.mart_delivery_sla ............ [\u001b[32mSUCCESS 1\u001b[0m in 2.57s]","logger":"airflow.task.hooks.airflow.providers.standard.hooks.subprocess.SubprocessHook"}
{"timestamp":"2026-10-05T03:33:27.984090","level":"info","event":"\u001b[0m03:33:27  30 of 32 OK created sql table model STAGING_marts.mart_daily_city_revenune ..... [\u001b[32mSUCCESS 1\u001b[0m in 2.75s]","logger":"airflow.task.hooks.airflow.providers.standard.hooks.subprocess.SubprocessHook"}
{"timestamp":"2026-10-05T03:33:27.999102","level":"info","event":"\u001b[0m03:33:27  32 of 32 OK created sql table model STAGING_marts.mart_restaurant_performance .. [\u001b[32mSUCCESS 1\u001b[0m in 2.77s]","logger":"airflow.task.hooks.airflow.providers.standard.hooks.subprocess.SubprocessHook"}
{"timestamp":"2026-10-05T03:33:28.005636","level":"info","event":"\u001b[0m03:33:28","logger":"airflow.task.hooks.airflow.providers.standard.hooks.subprocess.SubprocessHook"}
{"timestamp":"2026-10-05T03:33:28.005967","level":"info","event":"\u001b[0m03:33:28  Finished running 2 incremental models, 7 table models, 16 data tests, 7 view models in 0 hours 0 minutes and 13.20 seconds (13.20s).","logger":"airflow.task.hooks.airflow.providers.standard.hooks.subprocess.SubprocessHook"}
{"timestamp":"2026-10-05T03:33:28.070773","level":"info","event":"\u001b[0m03:33:28","logger":"airflow.task.hooks.airflow.providers.standard.hooks.subprocess.SubprocessHook"}
{"timestamp":"2026-10-05T03:33:28.071057","level":"info","event":"\u001b[0m03:33:28  \u001b[32mCompleted successfully\u001b[0m","logger":"airflow.task.hooks.airflow.providers.standard.hooks.subprocess.SubprocessHook"}
{"timestamp":"2026-10-05T03:33:28.071590","level":"info","event":"\u001b[0m03:33:28","logger":"airflow.task.hooks.airflow.providers.standard.hooks.subprocess.SubprocessHook"}
{"timestamp":"2026-10-05T03:33:28.072193","level":"info","event":"\u001b[0m03:33:28  Done. PASS=32 WARN=0 ERROR=0 SKIP=0 NO-OP=0 REUSED=0 TOTAL=32","logger":"airflow.task.hooks.airflow.providers.standard.hooks.subprocess.SubprocessHook"}
{"timestamp":"2026-10-05T03:33:28.893328","level":"info","event":"Command exited with return code 0","logger":"airflow.task.hooks.airflow.providers.standard.hooks.subprocess.SubprocessHook"}
{"timestamp":"2026-10-05T03:33:28.895697","level":"info","event":"Pushing xcom","ti":"RuntimeTaskInstance(id=UUID('01a10a1f-46f5-784c-900d-6b25a138e1d7'), task_id='dbt_build_core', dag_id='zomato_batch', run_id='manual__2026-10-05T03:33:04.350946+00:00', try_number=1, map_index=-1, hostname='190e24e2aa1c', context_carrier=None, task=<Task(BashOperator): dbt_build_core>, bundle_instance=LocalDagBundle(name=dags-folder), max_tries=0, start_date=datetime.datetime(2026, 10, 5, 3, 33, 12, 4295, tzinfo=datetime.timezone.utc), end_date=None, state=<TaskInstanceState.RUNNING: 'running'>, is_mapped=False, rendered_map_index=None, log_url='http://localhost:8080/dags/zomato_batch/runs/manual__2026-10-05T03%3A33%3A04.350946%2B00%3A00/tasks/dbt_build_core?try_number=1')","logger":"task"}
