{"timestamp":"2026-10-10T00:05:37.992938","level":"info","event":"DAG bundles loaded: dags-folder","logger":"airflow.dag_processing.bundles.manager.DagBundlesManager"}
{"timestamp":"2026-10-10T00:05:37.995390","level":"info","event":"Filling up the DagBag from /opt/airflow/dags/zomato_batch.py","logger":"airflow.models.dagbag.DagBag"}
{"timestamp":"2026-10-10T00:05:38.098855","level":"info","event":"Tmp dir root location: /tmp","logger":"airflow.task.hooks.airflow.providers.standard.hooks.subprocess.SubprocessHook"}
{"timestamp":"2026-10-10T00:05:38.101843","level":"info","event":"Running command: ['/usr/bin/bash', '-c', '/opt/airflow/dbt_venv/bin/dbt build --exclude tag:ai --project-dir /opt/airflow/dbt/zomato --profiles-dir /opt/airflow/dbt/zomato']","logger":"airflow.task.hooks.airflow.providers.standard.hooks.subprocess.SubprocessHook"}
{"timestamp":"2026-10-10T00:05:38.114129","level":"info","event":"Output:","logger":"airflow.task.hooks.airflow.providers.standard.hooks.subprocess.SubprocessHook"}
{"timestamp":"2026-10-10T00:05:40.278602","level":"info","event":"\u001b[0m00:05:40  Running with dbt=1.12.5","logger":"airflow.task.hooks.airflow.providers.standard.hooks.subprocess.SubprocessHook"}
{"timestamp":"2026-10-10T00:05:40.945938","level":"info","event":"\u001b[0m00:05:40  Registered adapter: snowflake=1.8.4","logger":"airflow.task.hooks.airflow.providers.standard.hooks.subprocess.SubprocessHook"}
{"timestamp":"2026-10-10T00:05:41.153203","level":"info","event":"\u001b[0m00:05:41  [\u001b[33mWARNING\u001b[0m]: Configuration paths exist in your dbt_project.yml file which do not apply to any resources.","logger":"airflow.task.hooks.airflow.providers.standard.hooks.subprocess.SubprocessHook"}
{"timestamp":"2026-10-10T00:05:41.153332","level":"info","event":"There are 1 unused configuration paths:","logger":"airflow.task.hooks.airflow.providers.standard.hooks.subprocess.SubprocessHook"}
{"timestamp":"2026-10-10T00:05:41.153377","level":"info","event":"- models.snapshot.zomato","logger":"airflow.task.hooks.airflow.providers.standard.hooks.subprocess.SubprocessHook"}
{"timestamp":"2026-10-10T00:05:41.322236","level":"info","event":"\u001b[0m00:05:41  Found 16 models, 16 data tests, 7 sources, 505 macros","logger":"airflow.task.hooks.airflow.providers.standard.hooks.subprocess.SubprocessHook"}
{"timestamp":"2026-10-10T00:05:41.324088","level":"info","event":"\u001b[0m00:05:41  [\u001b[33mWARNING\u001b[0m]: The selection criterion 'tag:ai' does not match any enabled nodes","logger":"airflow.task.hooks.airflow.providers.standard.hooks.subprocess.SubprocessHook"}
{"timestamp":"2026-10-10T00:05:41.325986","level":"info","event":"\u001b[0m00:05:41","logger":"airflow.task.hooks.airflow.providers.standard.hooks.subprocess.SubprocessHook"}
{"timestamp":"2026-10-10T00:05:41.326391","level":"info","event":"\u001b[0m00:05:41  Concurrency: 8 threads (target='dev')","logger":"airflow.task.hooks.airflow.providers.standard.hooks.subprocess.SubprocessHook"}
{"timestamp":"2026-10-10T00:05:41.326697","level":"info","event":"\u001b[0m00:05:41","logger":"airflow.task.hooks.airflow.providers.standard.hooks.subprocess.SubprocessHook"}
{"timestamp":"2026-10-10T00:05:45.502830","level":"info","event":"\u001b[0m00:05:45  1 of 32 START sql table model STAGING_marts.dim_date ........................... [RUN]","logger":"airflow.task.hooks.airflow.providers.standard.hooks.subprocess.SubprocessHook"}
{"timestamp":"2026-10-10T00:05:45.504561","level":"info","event":"\u001b[0m00:05:45  2 of 32 START sql view model STAGING_staging.stg_food .......................... [RUN]","logger":"airflow.task.hooks.airflow.providers.standard.hooks.subprocess.SubprocessHook"}
{"timestamp":"2026-10-10T00:05:45.508159","level":"info","event":"\u001b[0m00:05:45  3 of 32 START sql view model STAGING_staging.stg_menu .......................... [RUN]","logger":"airflow.task.hooks.airflow.providers.standard.hooks.subprocess.SubprocessHook"}
{"timestamp":"2026-10-10T00:05:45.509455","level":"info","event":"\u001b[0m00:05:45  4 of 32 START sql view model STAGING_staging.stg_order_items ................... [RUN]","logger":"airflow.task.hooks.airflow.providers.standard.hooks.subprocess.SubprocessHook"}
{"timestamp":"2026-10-10T00:05:45.510098","level":"info","event":"\u001b[0m00:05:45  5 of 32 START sql view model STAGING_staging.stg_orders ........................ [RUN]","logger":"airflow.task.hooks.airflow.providers.standard.hooks.subprocess.SubprocessHook"}
{"timestamp":"2026-10-10T00:05:45.511076","level":"info","event":"\u001b[0m00:05:45  7 of 32 START sql view model STAGING_staging.stg_users ......................... [RUN]","logger":"airflow.task.hooks.airflow.providers.standard.hooks.subprocess.SubprocessHook"}
{"timestamp":"2026-10-10T00:05:45.511619","level":"info","event":"\u001b[0m00:05:45  6 of 32 START sql view model STAGING_staging.stg_restaurants ................... [RUN]","logger":"airflow.task.hooks.airflow.providers.standard.hooks.subprocess.SubprocessHook"}
{"timestamp":"2026-10-10T00:05:46.915301","level":"info","event":"\u001b[0m00:05:46  5 of 32 OK created sql view model STAGING_staging.stg_orders ................... [\u001b[32mSUCCESS 1\u001b[0m in 1.40s]","logger":"airflow.task.hooks.airflow.providers.standard.hooks.subprocess.SubprocessHook"}
{"timestamp":"2026-10-10T00:05:46.917826","level":"info","event":"\u001b[0m00:05:46  8 of 32 START test not_null_stg_orders_customer_id ............................. [RUN]","logger":"airflow.task.hooks.airflow.providers.standard.hooks.subprocess.SubprocessHook"}
{"timestamp":"2026-10-10T00:05:46.918312","level":"info","event":"\u001b[0m00:05:46  9 of 32 START test not_null_stg_orders_order_id ................................ [RUN]","logger":"airflow.task.hooks.airflow.providers.standard.hooks.subprocess.SubprocessHook"}
{"timestamp":"2026-10-10T00:05:47.089930","level":"info","event":"\u001b[0m00:05:47  6 of 32 OK created sql view model STAGING_staging.stg_restaurants .............. [\u001b[32mSUCCESS 1\u001b[0m in 1.57s]","logger":"airflow.task.hooks.airflow.providers.standard.hooks.subprocess.SubprocessHook"}
{"timestamp":"2026-10-10T00:05:47.091918","level":"info","event":"\u001b[0m00:05:47  10 of 32 START test not_null_stg_orders_restaurant_id .......................... [RUN]","logger":"airflow.task.hooks.airflow.providers.standard.hooks.subprocess.SubprocessHook"}
{"timestamp":"2026-10-10T00:05:47.189600","level":"info","event":"\u001b[0m00:05:47  7 of 32 OK created sql view model STAGING_staging.stg_users .................... [\u001b[32mSUCCESS 1\u001b[0m in 1.67s]","logger":"airflow.task.hooks.airflow.providers.standard.hooks.subprocess.SubprocessHook"}
{"timestamp":"2026-10-10T00:05:47.190997","level":"info","event":"\u001b[0m00:05:47  11 of 32 START test unique_stg_orders_order_id ................................. [RUN]","logger":"airflow.task.hooks.airflow.providers.standard.hooks.subprocess.SubprocessHook"}
{"timestamp":"2026-10-10T00:05:47.226404","level":"info","event":"\u001b[0m00:05:47  3 of 32 OK created sql view model STAGING_staging.stg_menu ..................... [\u001b[32mSUCCESS 1\u001b[0m in 1.71s]","logger":"airflow.task.hooks.airflow.providers.standard.hooks.subprocess.SubprocessHook"}
{"timestamp":"2026-10-10T00:05:47.230940","level":"info","event":"\u001b[0m00:05:47  12 of 32 START test not_null_stg_restaurants_restaurant_id ..................... [RUN]","logger":"airflow.task.hooks.airflow.providers.standard.hooks.subprocess.SubprocessHook"}
{"timestamp":"2026-10-10T00:05:47.294118","level":"info","event":"\u001b[0m00:05:47  4 of 32 OK created sql view model STAGING_staging.stg_order_items .............. [\u001b[32mSUCCESS 1\u001b[0m in 1.78s]","logger":"airflow.task.hooks.airflow.providers.standard.hooks.subprocess.SubprocessHook"}
{"timestamp":"2026-10-10T00:05:47.295435","level":"info","event":"\u001b[0m00:05:47  13 of 32 START test unique_stg_restaurants_restaurant_id ....................... [RUN]","logger":"airflow.task.hooks.airflow.providers.standard.hooks.subprocess.SubprocessHook"}
{"timestamp":"2026-10-10T00:05:47.357038","level":"info","event":"\u001b[0m00:05:47  2 of 32 OK created sql view model STAGING_staging.stg_food ..................... [\u001b[32mSUCCESS 1\u001b[0m in 1.84s]","logger":"airflow.task.hooks.airflow.providers.standard.hooks.subprocess.SubprocessHook"}
{"timestamp":"2026-10-10T00:05:47.359314","level":"info","event":"\u001b[0m00:05:47  14 of 32 START test not_null_stg_users_customer_id ............................. [RUN]","logger":"airflow.task.hooks.airflow.providers.standard.hooks.subprocess.SubprocessHook"}
{"timestamp":"2026-10-10T00:05:47.904227","level":"info","event":"\u001b[0m00:05:47  8 of 32 PASS not_null_stg_orders_customer_id ................................... [\u001b[32mPASS\u001b[0m in 0.98s]","logger":"airflow.task.hooks.airflow.providers.standard.hooks.subprocess.SubprocessHook"}
{"timestamp":"2026-10-10T00:05:47.906134","level":"info","event":"\u001b[0m00:05:47  15 of 32 START test unique_stg_users_customer_id ............................... [RUN]","logger":"airflow.task.hooks.airflow.providers.standard.hooks.subprocess.SubprocessHook"}
{"timestamp":"2026-10-10T00:05:47.917145","level":"info","event":"\u001b[0m00:05:47  9 of 32 PASS not_null_stg_orders_order_id ...................................... [\u001b[32mPASS\u001b[0m in 1.00s]","logger":"airflow.task.hooks.airflow.providers.standard.hooks.subprocess.SubprocessHook"}
{"timestamp":"2026-10-10T00:05:47.918465","level":"info","event":"\u001b[0m00:05:47  16 of 32 START test not_null_stg_order_items_order_item_id ..................... [RUN]","logger":"airflow.task.hooks.airflow.providers.standard.hooks.subprocess.SubprocessHook"}
{"timestamp":"2026-10-10T00:05:47.950245","level":"info","event":"\u001b[0m00:05:47  1 of 32 OK created sql table model STAGING_marts.dim_date ...................... [\u001b[32mSUCCESS 1\u001b[0m in 2.44s]","logger":"airflow.task.hooks.airflow.providers.standard.hooks.subprocess.SubprocessHook"}
{"timestamp":"2026-10-10T00:05:47.968613","level":"info","event":"\u001b[0m00:05:47  17 of 32 START test unique_stg_order_items_order_item_id ....................... [RUN]","logger":"airflow.task.hooks.airflow.providers.standard.hooks.subprocess.SubprocessHook"}
{"timestamp":"2026-10-10T00:05:48.010012","level":"info","event":"\u001b[0m00:05:48  10 of 32 PASS not_null_stg_orders_restaurant_id ................................ [\u001b[32mPASS\u001b[0m in 0.92s]","logger":"airflow.task.hooks.airflow.providers.standard.hooks.subprocess.SubprocessHook"}
{"timestamp":"2026-10-10T00:05:48.011902","level":"info","event":"\u001b[0m00:05:48  18 of 32 START sql table model STAGING_marts.dim_food .......................... [RUN]","logger":"airflow.task.hooks.airflow.providers.standard.hooks.subprocess.SubprocessHook"}
{"timestamp":"2026-10-10T00:05:48.239464","level":"info","event":"\u001b[0m00:05:48  14 of 32 PASS not_null_stg_users_customer_id ................................... [\u001b[32mPASS\u001b[0m in 0.88s]","logger":"airflow.task.hooks.airflow.providers.standard.hooks.subprocess.SubprocessHook"}
{"timestamp":"2026-10-10T00:05:48.257894","level":"info","event":"\u001b[0m00:05:48  12 of 32 PASS not_null_stg_restaurants_restaurant_id ........................... [\u001b[32mPASS\u001b[0m in 1.02s]","logger":"airflow.task.hooks.airflow.providers.standard.hooks.subprocess.SubprocessHook"}
{"timestamp":"2026-10-10T00:05:48.531569","level":"info","event":"\u001b[0m00:05:48  11 of 32 PASS unique_stg_orders_order_id ....................................... [\u001b[32mPASS\u001b[0m in 1.34s]","logger":"airflow.task.hooks.airflow.providers.standard.hooks.subprocess.SubprocessHook"}
{"timestamp":"2026-10-10T00:05:48.533298","level":"info","event":"\u001b[0m00:05:48  19 of 32 START sql incremental model STAGING_marts.fct_orders .................. [RUN]","logger":"airflow.task.hooks.airflow.providers.standard.hooks.subprocess.SubprocessHook"}
{"timestamp":"2026-10-10T00:05:48.571815","level":"info","event":"\u001b[0m00:05:48  13 of 32 PASS unique_stg_restaurants_restaurant_id ............................. [\u001b[32mPASS\u001b[0m in 1.28s]","logger":"airflow.task.hooks.airflow.providers.standard.hooks.subprocess.SubprocessHook"}
{"timestamp":"2026-10-10T00:05:48.588742","level":"info","event":"\u001b[0m00:05:48  20 of 32 START sql table model STAGING_marts.dim_restaurants ................... [RUN]","logger":"airflow.task.hooks.airflow.providers.standard.hooks.subprocess.SubprocessHook"}
{"timestamp":"2026-10-10T00:05:48.591512","level":"info","event":"\u001b[0m00:05:48  21 of 32 START sql view model STAGING_staging.stg_reviews ...................... [RUN]","logger":"airflow.task.hooks.airflow.providers.standard.hooks.subprocess.SubprocessHook"}
{"timestamp":"2026-10-10T00:05:49.350803","level":"info","event":"\u001b[0m00:05:49  16 of 32 PASS not_null_stg_order_items_order_item_id ........................... [\u001b[32mPASS\u001b[0m in 1.43s]","logger":"airflow.task.hooks.airflow.providers.standard.hooks.subprocess.SubprocessHook"}
{"timestamp":"2026-10-10T00:05:49.385998","level":"info","event":"\u001b[0m00:05:49  15 of 32 PASS unique_stg_users_customer_id ..................................... [\u001b[32mPASS\u001b[0m in 1.48s]","logger":"airflow.task.hooks.airflow.providers.standard.hooks.subprocess.SubprocessHook"}
{"timestamp":"2026-10-10T00:05:49.398300","level":"info","event":"\u001b[0m00:05:49  22 of 32 START sql table model STAGING_marts.dim_customer ...................... [RUN]","logger":"airflow.task.hooks.airflow.providers.standard.hooks.subprocess.SubprocessHook"}
{"timestamp":"2026-10-10T00:05:49.691793","level":"info","event":"\u001b[0m00:05:49  17 of 32 PASS unique_stg_order_items_order_item_id ............................. [\u001b[32mPASS\u001b[0m in 1.72s]","logger":"airflow.task.hooks.airflow.providers.standard.hooks.subprocess.SubprocessHook"}
{"timestamp":"2026-10-10T00:05:49.694290","level":"info","event":"\u001b[0m00:05:49  23 of 32 START sql incremental model STAGING_marts.fact_order_items ............ [RUN]","logger":"airflow.task.hooks.airflow.providers.standard.hooks.subprocess.SubprocessHook"}
{"timestamp":"2026-10-10T00:05:50.041865","level":"info","event":"\u001b[0m00:05:50  21 of 32 OK created sql view model STAGING_staging.stg_reviews ................. [\u001b[32mSUCCESS 1\u001b[0m in 1.45s]","logger":"airflow.task.hooks.airflow.providers.standard.hooks.subprocess.SubprocessHook"}
{"timestamp":"2026-10-10T00:05:50.045398","level":"info","event":"\u001b[0m00:05:50  24 of 32 START test not_null_stg_reviews_review_id ............................. [RUN]","logger":"airflow.task.hooks.airflow.providers.standard.hooks.subprocess.SubprocessHook"}
{"timestamp":"2026-10-10T00:05:50.046113","level":"info","event":"\u001b[0m00:05:50  25 of 32 START test unique_stg_reviews_review_id ............................... [RUN]","logger":"airflow.task.hooks.airflow.providers.standard.hooks.subprocess.SubprocessHook"}
{"timestamp":"2026-10-10T00:05:50.536653","level":"info","event":"\u001b[0m00:05:50  18 of 32 OK created sql table model STAGING_marts.dim_food ..................... [\u001b[32mSUCCESS 1\u001b[0m in 2.52s]","logger":"airflow.task.hooks.airflow.providers.standard.hooks.subprocess.SubprocessHook"}
{"timestamp":"2026-10-10T00:05:50.627530","level":"info","event":"\u001b[0m00:05:50  20 of 32 OK created sql table model STAGING_marts.dim_restaurants .............. [\u001b[32mSUCCESS 1\u001b[0m in 2.03s]","logger":"airflow.task.hooks.airflow.providers.standard.hooks.subprocess.SubprocessHook"}
{"timestamp":"2026-10-10T00:05:51.365850","level":"info","event":"\u001b[0m00:05:51  22 of 32 OK created sql table model STAGING_marts.dim_customer ................. [\u001b[32mSUCCESS 1\u001b[0m in 1.96s]","logger":"airflow.task.hooks.airflow.providers.standard.hooks.subprocess.SubprocessHook"}
{"timestamp":"2026-10-10T00:05:51.572681","level":"info","event":"\u001b[0m00:05:51  25 of 32 PASS unique_stg_reviews_review_id ..................................... [\u001b[32mPASS\u001b[0m in 1.52s]","logger":"airflow.task.hooks.airflow.providers.standard.hooks.subprocess.SubprocessHook"}
{"timestamp":"2026-10-10T00:05:51.735992","level":"info","event":"\u001b[0m00:05:51  24 of 32 PASS not_null_stg_reviews_review_id ................................... [\u001b[32mPASS\u001b[0m in 1.69s]","logger":"airflow.task.hooks.airflow.providers.standard.hooks.subprocess.SubprocessHook"}
{"timestamp":"2026-10-10T00:05:51.791695","level":"info","event":"\u001b[0m00:05:51  19 of 32 OK created sql incremental model STAGING_marts.fct_orders ............. [\u001b[32mSUCCESS 0\u001b[0m in 3.26s]","logger":"airflow.task.hooks.airflow.providers.standard.hooks.subprocess.SubprocessHook"}
{"timestamp":"2026-10-10T00:05:51.794744","level":"info","event":"\u001b[0m00:05:51  26 of 32 START test accepted_values_fct_orders_order_status__Delivered__Cancelled__Refunded  [RUN]","logger":"airflow.task.hooks.airflow.providers.standard.hooks.subprocess.SubprocessHook"}
{"timestamp":"2026-10-10T00:05:51.795566","level":"info","event":"\u001b[0m00:05:51  27 of 32 START test not_null_fct_orders_order_id ............................... [RUN]","logger":"airflow.task.hooks.airflow.providers.standard.hooks.subprocess.SubprocessHook"}
{"timestamp":"2026-10-10T00:05:51.796094","level":"info","event":"\u001b[0m00:05:51  28 of 32 START test relationships_fct_orders_customer_id__customer_id__ref_dim_customer_  [RUN]","logger":"airflow.task.hooks.airflow.providers.standard.hooks.subprocess.SubprocessHook"}
{"timestamp":"2026-10-10T00:05:51.797706","level":"info","event":"\u001b[0m00:05:51  29 of 32 START test unique_fct_orders_order_id ................................. [RUN]","logger":"airflow.task.hooks.airflow.providers.standard.hooks.subprocess.SubprocessHook"}
{"timestamp":"2026-10-10T00:05:53.187807","level":"info","event":"\u001b[0m00:05:53  23 of 32 OK created sql incremental model STAGING_marts.fact_order_items ....... [\u001b[32mSUCCESS 0\u001b[0m in 3.49s]","logger":"airflow.task.hooks.airflow.providers.standard.hooks.subprocess.SubprocessHook"}
{"timestamp":"2026-10-10T00:05:53.443841","level":"info","event":"\u001b[0m00:05:53  27 of 32 PASS not_null_fct_orders_order_id ..................................... [\u001b[32mPASS\u001b[0m in 1.64s]","logger":"airflow.task.hooks.airflow.providers.standard.hooks.subprocess.SubprocessHook"}
{"timestamp":"2026-10-10T00:05:53.484117","level":"info","event":"\u001b[0m00:05:53  26 of 32 PASS accepted_values_fct_orders_order_status__Delivered__Cancelled__Refunded  [\u001b[32mPASS\u001b[0m in 1.69s]","logger":"airflow.task.hooks.airflow.providers.standard.hooks.subprocess.SubprocessHook"}
{"timestamp":"2026-10-10T00:05:53.506136","level":"info","event":"\u001b[0m00:05:53  28 of 32 PASS relationships_fct_orders_customer_id__customer_id__ref_dim_customer_  [\u001b[32mPASS\u001b[0m in 1.70s]","logger":"airflow.task.hooks.airflow.providers.standard.hooks.subprocess.SubprocessHook"}
{"timestamp":"2026-10-10T00:05:53.820941","level":"info","event":"\u001b[0m00:05:53  29 of 32 PASS unique_fct_orders_order_id ....................................... [\u001b[32mPASS\u001b[0m in 2.02s]","logger":"airflow.task.hooks.airflow.providers.standard.hooks.subprocess.SubprocessHook"}
{"timestamp":"2026-10-10T00:05:53.827466","level":"info","event":"\u001b[0m00:05:53  30 of 32 START sql table model STAGING_marts.mart_daily_city_revenune .......... [RUN]","logger":"airflow.task.hooks.airflow.providers.standard.hooks.subprocess.SubprocessHook"}
{"timestamp":"2026-10-10T00:05:53.828338","level":"info","event":"\u001b[0m00:05:53  31 of 32 START sql table model STAGING_marts.mart_delivery_sla ................. [RUN]","logger":"airflow.task.hooks.airflow.providers.standard.hooks.subprocess.SubprocessHook"}
{"timestamp":"2026-10-10T00:05:53.828918","level":"info","event":"\u001b[0m00:05:53  32 of 32 START sql table model STAGING_marts.mart_restaurant_performance ....... [RUN]","logger":"airflow.task.hooks.airflow.providers.standard.hooks.subprocess.SubprocessHook"}
{"timestamp":"2026-10-10T00:05:56.139286","level":"info","event":"\u001b[0m00:05:56  30 of 32 OK created sql table model STAGING_marts.mart_daily_city_revenune ..... [\u001b[32mSUCCESS 1\u001b[0m in 2.31s]","logger":"airflow.task.hooks.airflow.providers.standard.hooks.subprocess.SubprocessHook"}
{"timestamp":"2026-10-10T00:05:56.763818","level":"info","event":"\u001b[0m00:05:56  31 of 32 OK created sql table model STAGING_marts.mart_delivery_sla ............ [\u001b[32mSUCCESS 1\u001b[0m in 2.93s]","logger":"airflow.task.hooks.airflow.providers.standard.hooks.subprocess.SubprocessHook"}
{"timestamp":"2026-10-10T00:05:57.976336","level":"info","event":"\u001b[0m00:05:57  32 of 32 OK created sql table model STAGING_marts.mart_restaurant_performance .. [\u001b[32mSUCCESS 1\u001b[0m in 4.14s]","logger":"airflow.task.hooks.airflow.providers.standard.hooks.subprocess.SubprocessHook"}
{"timestamp":"2026-10-10T00:05:57.983262","level":"info","event":"\u001b[0m00:05:57","logger":"airflow.task.hooks.airflow.providers.standard.hooks.subprocess.SubprocessHook"}
{"timestamp":"2026-10-10T00:05:57.983511","level":"info","event":"\u001b[0m00:05:57  Finished running 2 incremental models, 7 table models, 16 data tests, 7 view models in 0 hours 0 minutes and 16.66 seconds (16.66s).","logger":"airflow.task.hooks.airflow.providers.standard.hooks.subprocess.SubprocessHook"}
{"timestamp":"2026-10-10T00:05:58.062152","level":"info","event":"\u001b[0m00:05:58","logger":"airflow.task.hooks.airflow.providers.standard.hooks.subprocess.SubprocessHook"}
{"timestamp":"2026-10-10T00:05:58.062723","level":"info","event":"\u001b[0m00:05:58  \u001b[32mCompleted successfully\u001b[0m","logger":"airflow.task.hooks.airflow.providers.standard.hooks.subprocess.SubprocessHook"}
{"timestamp":"2026-10-10T00:05:58.063256","level":"info","event":"\u001b[0m00:05:58","logger":"airflow.task.hooks.airflow.providers.standard.hooks.subprocess.SubprocessHook"}
{"timestamp":"2026-10-10T00:05:58.063593","level":"info","event":"\u001b[0m00:05:58  Done. PASS=32 WARN=0 ERROR=0 SKIP=0 NO-OP=0 REUSED=0 TOTAL=32","logger":"airflow.task.hooks.airflow.providers.standard.hooks.subprocess.SubprocessHook"}
{"timestamp":"2026-10-10T00:05:58.786212","level":"info","event":"Command exited with return code 0","logger":"airflow.task.hooks.airflow.providers.standard.hooks.subprocess.SubprocessHook"}
{"timestamp":"2026-10-10T00:05:58.788899","level":"info","event":"Pushing xcom","ti":"RuntimeTaskInstance(id=UUID('01a12320-c7d0-785a-a98c-2bc1b75926f1'), task_id='dbt_build_core', dag_id='zomato_batch', run_id='scheduled__2026-10-10T00:00:00+00:00', try_number=1, map_index=-1, hostname='190e24e2aa1c', context_carrier=None, task=<Task(BashOperator): dbt_build_core>, bundle_instance=LocalDagBundle(name=dags-folder), max_tries=0, start_date=datetime.datetime(2026, 10, 10, 0, 5, 37, 783328, tzinfo=datetime.timezone.utc), end_date=None, state=<TaskInstanceState.RUNNING: 'running'>, is_mapped=False, rendered_map_index=None, log_url='http://localhost:8080/dags/zomato_batch/runs/scheduled__2026-10-10T00%3A00%3A00%2B00%3A00/tasks/dbt_build_core?try_number=1')","logger":"task"}
