{"timestamp":"2026-10-08T00:15:09.349474","level":"info","event":"DAG bundles loaded: dags-folder","logger":"airflow.dag_processing.bundles.manager.DagBundlesManager"}
{"timestamp":"2026-10-08T00:15:09.350604","level":"info","event":"Filling up the DagBag from /opt/airflow/dags/zomato_batch.py","logger":"airflow.models.dagbag.DagBag"}
{"timestamp":"2026-10-08T00:15:09.493177","level":"info","event":"Executing: ['USE WAREHOUSE ZOMATO_WH', \"COPY INTO ZOMATO.RAW.restaurants FROM @ZOMATO.RAW.ZOMATO_RAW_STAGE/restaurants/ ON_ERROR='CONTINUE'\", \"COPY INTO ZOMATO.RAW.users FROM @ZOMATO.RAW.ZOMATO_RAW_STAGE/users/ ON_ERROR='CONTINUE'\", \"COPY INTO ZOMATO.RAW.food FROM @ZOMATO.RAW.ZOMATO_RAW_STAGE/food/ ON_ERROR='CONTINUE'\", \"COPY INTO ZOMATO.RAW.menu FROM @ZOMATO.RAW.ZOMATO_RAW_STAGE/menu/ ON_ERROR='CONTINUE'\", 'COPY INTO ZOMATO.RAW.orders FROM @ZOMATO.RAW.ZOMATO_RAW_STAGE/orders/', 'COPY INTO ZOMATO.RAW.order_items FROM @ZOMATO.RAW.ZOMATO_RAW_STAGE/order_items/', 'COPY INTO ZOMATO.RAW.reviews FROM @ZOMATO.RAW.ZOMATO_RAW_STAGE/reviews/']","logger":"airflow.task.operators.airflow.providers.common.sql.operators.sql.SQLExecuteQueryOperator"}
{"timestamp":"2026-10-08T00:15:09.511186","level":"warning","event":"empty cryptography key - values will not be stored encrypted.","logger":"airflow.models.crypto"}
{"timestamp":"2026-10-08T00:15:09.513432","level":"info","event":"Connection Retrieved 'snowflake_default'","logger":"airflow.hooks.base"}
{"timestamp":"2026-10-08T00:15:11.757244","level":"info","event":"Connection Retrieved 'snowflake_default'","logger":"airflow.hooks.base"}
{"timestamp":"2026-10-08T00:15:11.758570","level":"info","event":"Snowflake Connector for Python Version: 3.16.0, Python Version: 3.12.11, Platform: Linux-6.10.14-linuxkit-aarch64-with-glibc2.36","logger":"snowflake.connector.connection"}
{"timestamp":"2026-10-08T00:15:11.759089","level":"info","event":"Connecting to GLOBAL Snowflake domain","logger":"snowflake.connector.connection"}
{"timestamp":"2026-10-08T00:15:14.895244","level":"info","event":"Running statement: USE WAREHOUSE ZOMATO_WH, parameters: None","logger":"airflow.task.hooks.airflow.providers.snowflake.hooks.snowflake.SnowflakeHook"}
{"timestamp":"2026-10-08T00:15:14.896678","level":"info","event":"Running statement: USE WAREHOUSE ZOMATO_WH, parameters: None","logger":"airflow.task.hooks.airflow.providers.snowflake.hooks.snowflake.SnowflakeHook"}
{"timestamp":"2026-10-08T00:15:15.091755","level":"info","event":"Rows affected: 1","logger":"airflow.task.hooks.airflow.providers.snowflake.hooks.snowflake.SnowflakeHook"}
{"timestamp":"2026-10-08T00:15:15.092680","level":"info","event":"Rows affected: 1","logger":"airflow.task.hooks.airflow.providers.snowflake.hooks.snowflake.SnowflakeHook"}
{"timestamp":"2026-10-08T00:15:15.092746","level":"info","event":"Snowflake query id: 01c794cf-0308-e0e8-0011-4cb6000d000a","logger":"airflow.task.hooks.airflow.providers.snowflake.hooks.snowflake.SnowflakeHook"}
{"timestamp":"2026-10-08T00:15:15.092793","level":"info","event":"Running statement: COPY INTO ZOMATO.RAW.restaurants FROM @ZOMATO.RAW.ZOMATO_RAW_STAGE/restaurants/ ON_ERROR='CONTINUE', parameters: None","logger":"airflow.task.hooks.airflow.providers.snowflake.hooks.snowflake.SnowflakeHook"}
{"timestamp":"2026-10-08T00:15:15.092833","level":"info","event":"Running statement: COPY INTO ZOMATO.RAW.restaurants FROM @ZOMATO.RAW.ZOMATO_RAW_STAGE/restaurants/ ON_ERROR='CONTINUE', parameters: None","logger":"airflow.task.hooks.airflow.providers.snowflake.hooks.snowflake.SnowflakeHook"}
{"timestamp":"2026-10-08T00:15:17.982949","level":"info","event":"Rows affected: 1","logger":"airflow.task.hooks.airflow.providers.snowflake.hooks.snowflake.SnowflakeHook"}
{"timestamp":"2026-10-08T00:15:17.983583","level":"info","event":"Rows affected: 1","logger":"airflow.task.hooks.airflow.providers.snowflake.hooks.snowflake.SnowflakeHook"}
{"timestamp":"2026-10-08T00:15:17.983676","level":"info","event":"Snowflake query id: 01c794cf-0308-e0e8-0011-4cb6000d000e","logger":"airflow.task.hooks.airflow.providers.snowflake.hooks.snowflake.SnowflakeHook"}
{"timestamp":"2026-10-08T00:15:17.983766","level":"info","event":"Running statement: COPY INTO ZOMATO.RAW.users FROM @ZOMATO.RAW.ZOMATO_RAW_STAGE/users/ ON_ERROR='CONTINUE', parameters: None","logger":"airflow.task.hooks.airflow.providers.snowflake.hooks.snowflake.SnowflakeHook"}
{"timestamp":"2026-10-08T00:15:17.983837","level":"info","event":"Running statement: COPY INTO ZOMATO.RAW.users FROM @ZOMATO.RAW.ZOMATO_RAW_STAGE/users/ ON_ERROR='CONTINUE', parameters: None","logger":"airflow.task.hooks.airflow.providers.snowflake.hooks.snowflake.SnowflakeHook"}
{"timestamp":"2026-10-08T00:15:19.780757","level":"info","event":"Rows affected: 1","logger":"airflow.task.hooks.airflow.providers.snowflake.hooks.snowflake.SnowflakeHook"}
{"timestamp":"2026-10-08T00:15:19.781141","level":"info","event":"Rows affected: 1","logger":"airflow.task.hooks.airflow.providers.snowflake.hooks.snowflake.SnowflakeHook"}
{"timestamp":"2026-10-08T00:15:19.781196","level":"info","event":"Snowflake query id: 01c794cf-0308-de10-0011-4cb6000bf076","logger":"airflow.task.hooks.airflow.providers.snowflake.hooks.snowflake.SnowflakeHook"}
{"timestamp":"2026-10-08T00:15:19.781246","level":"info","event":"Running statement: COPY INTO ZOMATO.RAW.food FROM @ZOMATO.RAW.ZOMATO_RAW_STAGE/food/ ON_ERROR='CONTINUE', parameters: None","logger":"airflow.task.hooks.airflow.providers.snowflake.hooks.snowflake.SnowflakeHook"}
{"timestamp":"2026-10-08T00:15:19.781286","level":"info","event":"Running statement: COPY INTO ZOMATO.RAW.food FROM @ZOMATO.RAW.ZOMATO_RAW_STAGE/food/ ON_ERROR='CONTINUE', parameters: None","logger":"airflow.task.hooks.airflow.providers.snowflake.hooks.snowflake.SnowflakeHook"}
{"timestamp":"2026-10-08T00:15:21.319468","level":"info","event":"Rows affected: 1","logger":"airflow.task.hooks.airflow.providers.snowflake.hooks.snowflake.SnowflakeHook"}
{"timestamp":"2026-10-08T00:15:21.320111","level":"info","event":"Rows affected: 1","logger":"airflow.task.hooks.airflow.providers.snowflake.hooks.snowflake.SnowflakeHook"}
{"timestamp":"2026-10-08T00:15:21.322669","level":"info","event":"Snowflake query id: 01c794cf-0308-ddc3-0011-4cb6000c3072","logger":"airflow.task.hooks.airflow.providers.snowflake.hooks.snowflake.SnowflakeHook"}
{"timestamp":"2026-10-08T00:15:21.322794","level":"info","event":"Running statement: COPY INTO ZOMATO.RAW.menu FROM @ZOMATO.RAW.ZOMATO_RAW_STAGE/menu/ ON_ERROR='CONTINUE', parameters: None","logger":"airflow.task.hooks.airflow.providers.snowflake.hooks.snowflake.SnowflakeHook"}
{"timestamp":"2026-10-08T00:15:21.322853","level":"info","event":"Running statement: COPY INTO ZOMATO.RAW.menu FROM @ZOMATO.RAW.ZOMATO_RAW_STAGE/menu/ ON_ERROR='CONTINUE', parameters: None","logger":"airflow.task.hooks.airflow.providers.snowflake.hooks.snowflake.SnowflakeHook"}
{"timestamp":"2026-10-08T00:15:22.902366","level":"info","event":"Rows affected: 1","logger":"airflow.task.hooks.airflow.providers.snowflake.hooks.snowflake.SnowflakeHook"}
{"timestamp":"2026-10-08T00:15:22.903849","level":"info","event":"Rows affected: 1","logger":"airflow.task.hooks.airflow.providers.snowflake.hooks.snowflake.SnowflakeHook"}
{"timestamp":"2026-10-08T00:15:22.903952","level":"info","event":"Snowflake query id: 01c794cf-0308-dbf3-0011-4cb6000cb092","logger":"airflow.task.hooks.airflow.providers.snowflake.hooks.snowflake.SnowflakeHook"}
{"timestamp":"2026-10-08T00:15:22.904093","level":"info","event":"Running statement: COPY INTO ZOMATO.RAW.orders FROM @ZOMATO.RAW.ZOMATO_RAW_STAGE/orders/, parameters: None","logger":"airflow.task.hooks.airflow.providers.snowflake.hooks.snowflake.SnowflakeHook"}
{"timestamp":"2026-10-08T00:15:22.904216","level":"info","event":"Running statement: COPY INTO ZOMATO.RAW.orders FROM @ZOMATO.RAW.ZOMATO_RAW_STAGE/orders/, parameters: None","logger":"airflow.task.hooks.airflow.providers.snowflake.hooks.snowflake.SnowflakeHook"}
{"timestamp":"2026-10-08T00:15:23.618309","level":"info","event":"Rows affected: 1","logger":"airflow.task.hooks.airflow.providers.snowflake.hooks.snowflake.SnowflakeHook"}
{"timestamp":"2026-10-08T00:15:23.619263","level":"info","event":"Rows affected: 1","logger":"airflow.task.hooks.airflow.providers.snowflake.hooks.snowflake.SnowflakeHook"}
{"timestamp":"2026-10-08T00:15:23.619392","level":"info","event":"Snowflake query id: 01c794cf-0308-ddc3-0011-4cb6000c3076","logger":"airflow.task.hooks.airflow.providers.snowflake.hooks.snowflake.SnowflakeHook"}
{"timestamp":"2026-10-08T00:15:23.619498","level":"info","event":"Running statement: COPY INTO ZOMATO.RAW.order_items FROM @ZOMATO.RAW.ZOMATO_RAW_STAGE/order_items/, parameters: None","logger":"airflow.task.hooks.airflow.providers.snowflake.hooks.snowflake.SnowflakeHook"}
{"timestamp":"2026-10-08T00:15:23.619602","level":"info","event":"Running statement: COPY INTO ZOMATO.RAW.order_items FROM @ZOMATO.RAW.ZOMATO_RAW_STAGE/order_items/, parameters: None","logger":"airflow.task.hooks.airflow.providers.snowflake.hooks.snowflake.SnowflakeHook"}
{"timestamp":"2026-10-08T00:15:25.633031","level":"info","event":"Rows affected: 1","logger":"airflow.task.hooks.airflow.providers.snowflake.hooks.snowflake.SnowflakeHook"}
{"timestamp":"2026-10-08T00:15:25.633928","level":"info","event":"Rows affected: 1","logger":"airflow.task.hooks.airflow.providers.snowflake.hooks.snowflake.SnowflakeHook"}
{"timestamp":"2026-10-08T00:15:25.634005","level":"info","event":"Snowflake query id: 01c794cf-0308-e0e6-0011-4cb6000ce026","logger":"airflow.task.hooks.airflow.providers.snowflake.hooks.snowflake.SnowflakeHook"}
{"timestamp":"2026-10-08T00:15:25.634090","level":"info","event":"Running statement: COPY INTO ZOMATO.RAW.reviews FROM @ZOMATO.RAW.ZOMATO_RAW_STAGE/reviews/, parameters: None","logger":"airflow.task.hooks.airflow.providers.snowflake.hooks.snowflake.SnowflakeHook"}
{"timestamp":"2026-10-08T00:15:25.634146","level":"info","event":"Running statement: COPY INTO ZOMATO.RAW.reviews FROM @ZOMATO.RAW.ZOMATO_RAW_STAGE/reviews/, parameters: None","logger":"airflow.task.hooks.airflow.providers.snowflake.hooks.snowflake.SnowflakeHook"}
{"timestamp":"2026-10-08T00:15:26.347685","level":"info","event":"Rows affected: 1","logger":"airflow.task.hooks.airflow.providers.snowflake.hooks.snowflake.SnowflakeHook"}
{"timestamp":"2026-10-08T00:15:26.347982","level":"info","event":"Rows affected: 1","logger":"airflow.task.hooks.airflow.providers.snowflake.hooks.snowflake.SnowflakeHook"}
{"timestamp":"2026-10-08T00:15:26.348053","level":"info","event":"Snowflake query id: 01c794cf-0308-e0e8-0011-4cb6000d0012","logger":"airflow.task.hooks.airflow.providers.snowflake.hooks.snowflake.SnowflakeHook"}
{"timestamp":"2026-10-08T00:15:26.518839","level":"info","event":"result: [[('Statement executed successfully.',)], [('Copy executed with 0 files processed.',)], [('Copy executed with 0 files processed.',)], [('Copy executed with 0 files processed.',)], [('Copy executed with 0 files processed.',)], [('Copy executed with 0 files processed.',)], [('Copy executed with 0 files processed.',)], [('Copy executed with 0 files processed.',)]]","logger":"airflow.task.operators.airflow.providers.common.sql.operators.sql.SQLExecuteQueryOperator"}
{"timestamp":"2026-10-08T00:15:26.522165","level":"info","event":"Pushing xcom","ti":"RuntimeTaskInstance(id=UUID('01a118dd-223f-7cb0-ba6c-a58b1392263c'), task_id='reload_raw', dag_id='zomato_batch', run_id='scheduled__2026-10-08T00:00:00+00:00', try_number=1, map_index=-1, hostname='190e24e2aa1c', context_carrier=None, task=<Task(SQLExecuteQueryOperator): reload_raw>, bundle_instance=LocalDagBundle(name=dags-folder), max_tries=0, start_date=datetime.datetime(2026, 10, 8, 0, 15, 8, 304423, tzinfo=datetime.timezone.utc), end_date=None, state=<TaskInstanceState.RUNNING: 'running'>, is_mapped=False, rendered_map_index=None, log_url='http://localhost:8080/dags/zomato_batch/runs/scheduled__2026-10-08T00%3A00%3A00%2B00%3A00/tasks/reload_raw?try_number=1')","logger":"task"}
