{"timestamp":"2026-10-09T00:34:11.182587","level":"info","event":"DAG bundles loaded: dags-folder","logger":"airflow.dag_processing.bundles.manager.DagBundlesManager"}
{"timestamp":"2026-10-09T00:34:11.185343","level":"info","event":"Filling up the DagBag from /opt/airflow/dags/zomato_batch.py","logger":"airflow.models.dagbag.DagBag"}
{"timestamp":"2026-10-09T00:34:11.289552","level":"info","event":"Tmp dir root location: /tmp","logger":"airflow.task.hooks.airflow.providers.standard.hooks.subprocess.SubprocessHook"}
{"timestamp":"2026-10-09T00:34:11.292795","level":"info","event":"Running command: ['/usr/bin/bash', '-c', '/opt/airflow/dbt_venv/bin/dbt build --exclude tag:ai --project-dir /opt/airflow/dbt/zomato --profiles-dir /opt/airflow/dbt/zomato']","logger":"airflow.task.hooks.airflow.providers.standard.hooks.subprocess.SubprocessHook"}
{"timestamp":"2026-10-09T00:34:11.301519","level":"info","event":"Output:","logger":"airflow.task.hooks.airflow.providers.standard.hooks.subprocess.SubprocessHook"}
{"timestamp":"2026-10-09T00:54:11.654704","level":"info","event":"\u001b[0m00:54:11  Running with dbt=1.12.5","logger":"airflow.task.hooks.airflow.providers.standard.hooks.subprocess.SubprocessHook"}
{"timestamp":"2026-10-09T00:54:12.203356","level":"info","event":"\u001b[0m00:54:12  Registered adapter: snowflake=1.8.4","logger":"airflow.task.hooks.airflow.providers.standard.hooks.subprocess.SubprocessHook"}
{"timestamp":"2026-10-09T00:54:12.401193","level":"info","event":"\u001b[0m00:54:12  [\u001b[33mWARNING\u001b[0m]: Configuration paths exist in your dbt_project.yml file which do not apply to any resources.","logger":"airflow.task.hooks.airflow.providers.standard.hooks.subprocess.SubprocessHook"}
{"timestamp":"2026-10-09T00:54:12.401311","level":"info","event":"There are 1 unused configuration paths:","logger":"airflow.task.hooks.airflow.providers.standard.hooks.subprocess.SubprocessHook"}
{"timestamp":"2026-10-09T00:54:12.401352","level":"info","event":"- models.snapshot.zomato","logger":"airflow.task.hooks.airflow.providers.standard.hooks.subprocess.SubprocessHook"}
{"timestamp":"2026-10-09T00:54:12.580984","level":"info","event":"\u001b[0m00:54:12  Found 16 models, 16 data tests, 7 sources, 505 macros","logger":"airflow.task.hooks.airflow.providers.standard.hooks.subprocess.SubprocessHook"}
{"timestamp":"2026-10-09T00:54:12.582852","level":"info","event":"\u001b[0m00:54:12  [\u001b[33mWARNING\u001b[0m]: The selection criterion 'tag:ai' does not match any enabled nodes","logger":"airflow.task.hooks.airflow.providers.standard.hooks.subprocess.SubprocessHook"}
{"timestamp":"2026-10-09T00:54:12.584665","level":"info","event":"\u001b[0m00:54:12","logger":"airflow.task.hooks.airflow.providers.standard.hooks.subprocess.SubprocessHook"}
{"timestamp":"2026-10-09T00:54:12.585095","level":"info","event":"\u001b[0m00:54:12  Concurrency: 8 threads (target='dev')","logger":"airflow.task.hooks.airflow.providers.standard.hooks.subprocess.SubprocessHook"}
{"timestamp":"2026-10-09T00:54:12.585425","level":"info","event":"\u001b[0m00:54:12","logger":"airflow.task.hooks.airflow.providers.standard.hooks.subprocess.SubprocessHook"}
{"timestamp":"2026-10-09T00:54:16.812621","level":"info","event":"\u001b[0m00:54:16  1 of 32 START sql table model STAGING_marts.dim_date ........................... [RUN]","logger":"airflow.task.hooks.airflow.providers.standard.hooks.subprocess.SubprocessHook"}
{"timestamp":"2026-10-09T00:54:16.814332","level":"info","event":"\u001b[0m00:54:16  2 of 32 START sql view model STAGING_staging.stg_food .......................... [RUN]","logger":"airflow.task.hooks.airflow.providers.standard.hooks.subprocess.SubprocessHook"}
{"timestamp":"2026-10-09T00:54:16.816447","level":"info","event":"\u001b[0m00:54:16  3 of 32 START sql view model STAGING_staging.stg_menu .......................... [RUN]","logger":"airflow.task.hooks.airflow.providers.standard.hooks.subprocess.SubprocessHook"}
{"timestamp":"2026-10-09T00:54:16.818951","level":"info","event":"\u001b[0m00:54:16  4 of 32 START sql view model STAGING_staging.stg_order_items ................... [RUN]","logger":"airflow.task.hooks.airflow.providers.standard.hooks.subprocess.SubprocessHook"}
{"timestamp":"2026-10-09T00:54:16.819571","level":"info","event":"\u001b[0m00:54:16  5 of 32 START sql view model STAGING_staging.stg_orders ........................ [RUN]","logger":"airflow.task.hooks.airflow.providers.standard.hooks.subprocess.SubprocessHook"}
{"timestamp":"2026-10-09T00:54:16.820848","level":"info","event":"\u001b[0m00:54:16  6 of 32 START sql view model STAGING_staging.stg_restaurants ................... [RUN]","logger":"airflow.task.hooks.airflow.providers.standard.hooks.subprocess.SubprocessHook"}
{"timestamp":"2026-10-09T00:54:16.821441","level":"info","event":"\u001b[0m00:54:16  7 of 32 START sql view model STAGING_staging.stg_users ......................... [RUN]","logger":"airflow.task.hooks.airflow.providers.standard.hooks.subprocess.SubprocessHook"}
{"timestamp":"2026-10-09T00:54:18.182698","level":"info","event":"\u001b[0m00:54:18  2 of 32 OK created sql view model STAGING_staging.stg_food ..................... [\u001b[32mSUCCESS 1\u001b[0m in 1.36s]","logger":"airflow.task.hooks.airflow.providers.standard.hooks.subprocess.SubprocessHook"}
{"timestamp":"2026-10-09T00:54:18.184782","level":"info","event":"\u001b[0m00:54:18  8 of 32 START sql table model STAGING_marts.dim_food ........................... [RUN]","logger":"airflow.task.hooks.airflow.providers.standard.hooks.subprocess.SubprocessHook"}
{"timestamp":"2026-10-09T00:54:18.307538","level":"info","event":"\u001b[0m00:54:18  6 of 32 OK created sql view model STAGING_staging.stg_restaurants .............. [\u001b[32mSUCCESS 1\u001b[0m in 1.48s]","logger":"airflow.task.hooks.airflow.providers.standard.hooks.subprocess.SubprocessHook"}
{"timestamp":"2026-10-09T00:54:18.309516","level":"info","event":"\u001b[0m00:54:18  9 of 32 START test not_null_stg_restaurants_restaurant_id ...................... [RUN]","logger":"airflow.task.hooks.airflow.providers.standard.hooks.subprocess.SubprocessHook"}
{"timestamp":"2026-10-09T00:54:18.309884","level":"info","event":"\u001b[0m00:54:18  10 of 32 START test unique_stg_restaurants_restaurant_id ....................... [RUN]","logger":"airflow.task.hooks.airflow.providers.standard.hooks.subprocess.SubprocessHook"}
{"timestamp":"2026-10-09T00:54:18.553353","level":"info","event":"\u001b[0m00:54:18  4 of 32 OK created sql view model STAGING_staging.stg_order_items .............. [\u001b[32mSUCCESS 1\u001b[0m in 1.73s]","logger":"airflow.task.hooks.airflow.providers.standard.hooks.subprocess.SubprocessHook"}
{"timestamp":"2026-10-09T00:54:18.558739","level":"info","event":"\u001b[0m00:54:18  11 of 32 START test not_null_stg_order_items_order_item_id ..................... [RUN]","logger":"airflow.task.hooks.airflow.providers.standard.hooks.subprocess.SubprocessHook"}
{"timestamp":"2026-10-09T00:54:18.620820","level":"info","event":"\u001b[0m00:54:18  5 of 32 OK created sql view model STAGING_staging.stg_orders ................... [\u001b[32mSUCCESS 1\u001b[0m in 1.80s]","logger":"airflow.task.hooks.airflow.providers.standard.hooks.subprocess.SubprocessHook"}
{"timestamp":"2026-10-09T00:54:18.622139","level":"info","event":"\u001b[0m00:54:18  12 of 32 START test unique_stg_order_items_order_item_id ....................... [RUN]","logger":"airflow.task.hooks.airflow.providers.standard.hooks.subprocess.SubprocessHook"}
{"timestamp":"2026-10-09T00:54:18.660666","level":"info","event":"\u001b[0m00:54:18  3 of 32 OK created sql view model STAGING_staging.stg_menu ..................... [\u001b[32mSUCCESS 1\u001b[0m in 1.84s]","logger":"airflow.task.hooks.airflow.providers.standard.hooks.subprocess.SubprocessHook"}
{"timestamp":"2026-10-09T00:54:18.662382","level":"info","event":"\u001b[0m00:54:18  13 of 32 START test not_null_stg_orders_customer_id ............................ [RUN]","logger":"airflow.task.hooks.airflow.providers.standard.hooks.subprocess.SubprocessHook"}
{"timestamp":"2026-10-09T00:54:18.845052","level":"info","event":"\u001b[0m00:54:18  7 of 32 OK created sql view model STAGING_staging.stg_users .................... [\u001b[32mSUCCESS 1\u001b[0m in 2.02s]","logger":"airflow.task.hooks.airflow.providers.standard.hooks.subprocess.SubprocessHook"}
{"timestamp":"2026-10-09T00:54:18.846599","level":"info","event":"\u001b[0m00:54:18  14 of 32 START test not_null_stg_orders_order_id ............................... [RUN]","logger":"airflow.task.hooks.airflow.providers.standard.hooks.subprocess.SubprocessHook"}
{"timestamp":"2026-10-09T00:54:19.415952","level":"info","event":"\u001b[0m00:54:19  9 of 32 PASS not_null_stg_restaurants_restaurant_id ............................ [\u001b[32mPASS\u001b[0m in 1.11s]","logger":"airflow.task.hooks.airflow.providers.standard.hooks.subprocess.SubprocessHook"}
{"timestamp":"2026-10-09T00:54:19.417248","level":"info","event":"\u001b[0m00:54:19  15 of 32 START test not_null_stg_orders_restaurant_id .......................... [RUN]","logger":"airflow.task.hooks.airflow.providers.standard.hooks.subprocess.SubprocessHook"}
{"timestamp":"2026-10-09T00:54:19.620448","level":"info","event":"\u001b[0m00:54:19  10 of 32 PASS unique_stg_restaurants_restaurant_id ............................. [\u001b[32mPASS\u001b[0m in 1.31s]","logger":"airflow.task.hooks.airflow.providers.standard.hooks.subprocess.SubprocessHook"}
{"timestamp":"2026-10-09T00:54:19.622195","level":"info","event":"\u001b[0m00:54:19  16 of 32 START test unique_stg_orders_order_id ................................. [RUN]","logger":"airflow.task.hooks.airflow.providers.standard.hooks.subprocess.SubprocessHook"}
{"timestamp":"2026-10-09T00:54:19.794678","level":"info","event":"\u001b[0m00:54:19  14 of 32 PASS not_null_stg_orders_order_id ..................................... [\u001b[32mPASS\u001b[0m in 0.95s]","logger":"airflow.task.hooks.airflow.providers.standard.hooks.subprocess.SubprocessHook"}
{"timestamp":"2026-10-09T00:54:19.796614","level":"info","event":"\u001b[0m00:54:19  1 of 32 OK created sql table model STAGING_marts.dim_date ...................... [\u001b[32mSUCCESS 1\u001b[0m in 2.98s]","logger":"airflow.task.hooks.airflow.providers.standard.hooks.subprocess.SubprocessHook"}
{"timestamp":"2026-10-09T00:54:19.798187","level":"info","event":"\u001b[0m00:54:19  17 of 32 START test not_null_stg_users_customer_id ............................. [RUN]","logger":"airflow.task.hooks.airflow.providers.standard.hooks.subprocess.SubprocessHook"}
{"timestamp":"2026-10-09T00:54:19.799537","level":"info","event":"\u001b[0m00:54:19  18 of 32 START test unique_stg_users_customer_id ............................... [RUN]","logger":"airflow.task.hooks.airflow.providers.standard.hooks.subprocess.SubprocessHook"}
{"timestamp":"2026-10-09T00:54:20.127625","level":"info","event":"\u001b[0m00:54:20  11 of 32 PASS not_null_stg_order_items_order_item_id ........................... [\u001b[32mPASS\u001b[0m in 1.57s]","logger":"airflow.task.hooks.airflow.providers.standard.hooks.subprocess.SubprocessHook"}
{"timestamp":"2026-10-09T00:54:20.141803","level":"info","event":"\u001b[0m00:54:20  19 of 32 START sql table model STAGING_marts.dim_restaurants ................... [RUN]","logger":"airflow.task.hooks.airflow.providers.standard.hooks.subprocess.SubprocessHook"}
{"timestamp":"2026-10-09T00:54:20.643231","level":"info","event":"\u001b[0m00:54:20  15 of 32 PASS not_null_stg_orders_restaurant_id ................................ [\u001b[32mPASS\u001b[0m in 1.22s]","logger":"airflow.task.hooks.airflow.providers.standard.hooks.subprocess.SubprocessHook"}
{"timestamp":"2026-10-09T00:54:20.653343","level":"info","event":"\u001b[0m00:54:20  20 of 32 START sql view model STAGING_staging.stg_reviews ...................... [RUN]","logger":"airflow.task.hooks.airflow.providers.standard.hooks.subprocess.SubprocessHook"}
{"timestamp":"2026-10-09T00:54:20.799747","level":"info","event":"\u001b[0m00:54:20  12 of 32 PASS unique_stg_order_items_order_item_id ............................. [\u001b[32mPASS\u001b[0m in 2.18s]","logger":"airflow.task.hooks.airflow.providers.standard.hooks.subprocess.SubprocessHook"}
{"timestamp":"2026-10-09T00:54:21.061531","level":"info","event":"\u001b[0m00:54:21  17 of 32 PASS not_null_stg_users_customer_id ................................... [\u001b[32mPASS\u001b[0m in 1.26s]","logger":"airflow.task.hooks.airflow.providers.standard.hooks.subprocess.SubprocessHook"}
{"timestamp":"2026-10-09T00:54:21.476884","level":"info","event":"\u001b[0m00:54:21  18 of 32 PASS unique_stg_users_customer_id ..................................... [\u001b[32mPASS\u001b[0m in 1.67s]","logger":"airflow.task.hooks.airflow.providers.standard.hooks.subprocess.SubprocessHook"}
{"timestamp":"2026-10-09T00:54:21.480328","level":"info","event":"\u001b[0m00:54:21  21 of 32 START sql table model STAGING_marts.dim_customer ...................... [RUN]","logger":"airflow.task.hooks.airflow.providers.standard.hooks.subprocess.SubprocessHook"}
{"timestamp":"2026-10-09T00:54:21.819268","level":"info","event":"\u001b[0m00:54:21  16 of 32 PASS unique_stg_orders_order_id ....................................... [\u001b[32mPASS\u001b[0m in 2.20s]","logger":"airflow.task.hooks.airflow.providers.standard.hooks.subprocess.SubprocessHook"}
{"timestamp":"2026-10-09T00:54:21.990834","level":"info","event":"\u001b[0m00:54:21  13 of 32 PASS not_null_stg_orders_customer_id .................................. [\u001b[32mPASS\u001b[0m in 3.33s]","logger":"airflow.task.hooks.airflow.providers.standard.hooks.subprocess.SubprocessHook"}
{"timestamp":"2026-10-09T00:54:22.003007","level":"info","event":"\u001b[0m00:54:22  22 of 32 START sql incremental model STAGING_marts.fact_order_items ............ [RUN]","logger":"airflow.task.hooks.airflow.providers.standard.hooks.subprocess.SubprocessHook"}
{"timestamp":"2026-10-09T00:54:22.003492","level":"info","event":"\u001b[0m00:54:22  23 of 32 START sql incremental model STAGING_marts.fct_orders .................. [RUN]","logger":"airflow.task.hooks.airflow.providers.standard.hooks.subprocess.SubprocessHook"}
{"timestamp":"2026-10-09T00:54:22.341905","level":"info","event":"\u001b[0m00:54:22  20 of 32 OK created sql view model STAGING_staging.stg_reviews ................. [\u001b[32mSUCCESS 1\u001b[0m in 1.68s]","logger":"airflow.task.hooks.airflow.providers.standard.hooks.subprocess.SubprocessHook"}
{"timestamp":"2026-10-09T00:54:22.347578","level":"info","event":"\u001b[0m00:54:22  24 of 32 START test not_null_stg_reviews_review_id ............................. [RUN]","logger":"airflow.task.hooks.airflow.providers.standard.hooks.subprocess.SubprocessHook"}
{"timestamp":"2026-10-09T00:54:22.348029","level":"info","event":"\u001b[0m00:54:22  25 of 32 START test unique_stg_reviews_review_id ............................... [RUN]","logger":"airflow.task.hooks.airflow.providers.standard.hooks.subprocess.SubprocessHook"}
{"timestamp":"2026-10-09T00:54:22.688879","level":"info","event":"\u001b[0m00:54:22  19 of 32 OK created sql table model STAGING_marts.dim_restaurants .............. [\u001b[32mSUCCESS 1\u001b[0m in 2.54s]","logger":"airflow.task.hooks.airflow.providers.standard.hooks.subprocess.SubprocessHook"}
{"timestamp":"2026-10-09T00:54:23.636395","level":"info","event":"\u001b[0m00:54:23  24 of 32 PASS not_null_stg_reviews_review_id ................................... [\u001b[32mPASS\u001b[0m in 1.29s]","logger":"airflow.task.hooks.airflow.providers.standard.hooks.subprocess.SubprocessHook"}
{"timestamp":"2026-10-09T00:54:23.863116","level":"info","event":"\u001b[0m00:54:23  8 of 32 OK created sql table model STAGING_marts.dim_food ...................... [\u001b[32mSUCCESS 1\u001b[0m in 5.66s]","logger":"airflow.task.hooks.airflow.providers.standard.hooks.subprocess.SubprocessHook"}
{"timestamp":"2026-10-09T00:54:23.934167","level":"info","event":"\u001b[0m00:54:23  21 of 32 OK created sql table model STAGING_marts.dim_customer ................. [\u001b[32mSUCCESS 1\u001b[0m in 2.45s]","logger":"airflow.task.hooks.airflow.providers.standard.hooks.subprocess.SubprocessHook"}
{"timestamp":"2026-10-09T00:54:24.062609","level":"info","event":"\u001b[0m00:54:24  25 of 32 PASS unique_stg_reviews_review_id ..................................... [\u001b[32mPASS\u001b[0m in 1.71s]","logger":"airflow.task.hooks.airflow.providers.standard.hooks.subprocess.SubprocessHook"}
{"timestamp":"2026-10-09T00:54:25.919579","level":"info","event":"\u001b[0m00:54:25  22 of 32 OK created sql incremental model STAGING_marts.fact_order_items ....... [\u001b[32mSUCCESS 0\u001b[0m in 3.91s]","logger":"airflow.task.hooks.airflow.providers.standard.hooks.subprocess.SubprocessHook"}
{"timestamp":"2026-10-09T00:54:26.095814","level":"info","event":"\u001b[0m00:54:26  23 of 32 OK created sql incremental model STAGING_marts.fct_orders ............. [\u001b[32mSUCCESS 0\u001b[0m in 4.09s]","logger":"airflow.task.hooks.airflow.providers.standard.hooks.subprocess.SubprocessHook"}
{"timestamp":"2026-10-09T00:54:26.102751","level":"info","event":"\u001b[0m00:54:26  26 of 32 START test accepted_values_fct_orders_order_status__Delivered__Cancelled__Refunded  [RUN]","logger":"airflow.task.hooks.airflow.providers.standard.hooks.subprocess.SubprocessHook"}
{"timestamp":"2026-10-09T00:54:26.103701","level":"info","event":"\u001b[0m00:54:26  27 of 32 START test not_null_fct_orders_order_id ............................... [RUN]","logger":"airflow.task.hooks.airflow.providers.standard.hooks.subprocess.SubprocessHook"}
{"timestamp":"2026-10-09T00:54:26.104543","level":"info","event":"\u001b[0m00:54:26  28 of 32 START test relationships_fct_orders_customer_id__customer_id__ref_dim_customer_  [RUN]","logger":"airflow.task.hooks.airflow.providers.standard.hooks.subprocess.SubprocessHook"}
{"timestamp":"2026-10-09T00:54:26.106482","level":"info","event":"\u001b[0m00:54:26  29 of 32 START test unique_fct_orders_order_id ................................. [RUN]","logger":"airflow.task.hooks.airflow.providers.standard.hooks.subprocess.SubprocessHook"}
{"timestamp":"2026-10-09T00:54:27.332459","level":"info","event":"\u001b[0m00:54:27  27 of 32 PASS not_null_fct_orders_order_id ..................................... [\u001b[32mPASS\u001b[0m in 1.22s]","logger":"airflow.task.hooks.airflow.providers.standard.hooks.subprocess.SubprocessHook"}
{"timestamp":"2026-10-09T00:54:27.691457","level":"info","event":"\u001b[0m00:54:27  26 of 32 PASS accepted_values_fct_orders_order_status__Delivered__Cancelled__Refunded  [\u001b[32mPASS\u001b[0m in 1.59s]","logger":"airflow.task.hooks.airflow.providers.standard.hooks.subprocess.SubprocessHook"}
{"timestamp":"2026-10-09T00:54:27.795488","level":"info","event":"\u001b[0m00:54:27  29 of 32 PASS unique_fct_orders_order_id ....................................... [\u001b[32mPASS\u001b[0m in 1.69s]","logger":"airflow.task.hooks.airflow.providers.standard.hooks.subprocess.SubprocessHook"}
{"timestamp":"2026-10-09T00:54:27.798012","level":"info","event":"\u001b[0m00:54:27  30 of 32 START sql table model STAGING_marts.mart_daily_city_revenune .......... [RUN]","logger":"airflow.task.hooks.airflow.providers.standard.hooks.subprocess.SubprocessHook"}
{"timestamp":"2026-10-09T00:54:27.798510","level":"info","event":"\u001b[0m00:54:27  31 of 32 START sql table model STAGING_marts.mart_delivery_sla ................. [RUN]","logger":"airflow.task.hooks.airflow.providers.standard.hooks.subprocess.SubprocessHook"}
{"timestamp":"2026-10-09T00:54:27.798997","level":"info","event":"\u001b[0m00:54:27  32 of 32 START sql table model STAGING_marts.mart_restaurant_performance ....... [RUN]","logger":"airflow.task.hooks.airflow.providers.standard.hooks.subprocess.SubprocessHook"}
