[0m23:31:51.933079 [debug] [MainThread]: Sending event: {'category': 'dbt', 'action': 'invocation', 'label': 'start', 'context': [<snowplow_tracker.self_describing_json.SelfDescribingJson object at 0x10923b9e0>, <snowplow_tracker.self_describing_json.SelfDescribingJson object at 0x10a2ad7c0>, <snowplow_tracker.self_describing_json.SelfDescribingJson object at 0x10a2ad520>]}


============================== 23:31:51.962163 | 17a4a27a-cafc-424d-ade1-3e5d51cd1975 ==============================
[0m23:31:51.962163 [info ] [MainThread]: Running with dbt=1.12.5
[0m23:31:51.962643 [debug] [MainThread]: running dbt with arguments {'warn_error_options': 'WarnErrorOptionsV2(error=[], warn=[], silence=[])', 'empty': 'None', 'quiet': 'False', 'log_path': 'logs', 'hints_enabled': 'True', 'use_colors': 'True', 'partial_parse': 'True', 'printer_width': '80', 'introspect': 'True', 'maximum_seed_size_mib': '1', 'use_experimental_parser': 'False', 'version_check': 'True', 'no_print': 'None', 'cache_selected_only': 'False', 'profiles_dir': '/Users/jesusflores/.dbt', 'log_cache_events': 'False', 'target_path': 'None', 'warn_error': 'None', 'fail_fast': 'False', 'invocation_command': 'dbt init zomato', 'send_anonymous_usage_stats': 'True', 'indirect_selection': 'eager', 'write_json': 'True', 'debug': 'False', 'log_format': 'default', 'static_parser': 'True'}
[0m23:31:52.013951 [info ] [MainThread]: Creating dbt configuration folder at /Users/jesusflores/.dbt
[0m23:31:52.015735 [debug] [MainThread]: Starter project path: /Users/jesusflores/Desktop/webdev/python/zomato_data_pipeline/.venv/lib/python3.12/site-packages/dbt/include/starter_project
[0m23:31:52.021477 [info ] [MainThread]: Setting up your profile.
[0m23:32:37.318700 [debug] [MainThread]: Snowflake adapter: Setting snowflake.connector to ERROR (file logging only)
[0m23:32:37.319272 [debug] [MainThread]: Snowflake adapter: Setting botocore to ERROR (file logging only)
[0m23:32:37.319538 [debug] [MainThread]: Snowflake adapter: Setting boto3 to ERROR (file logging only)
[0m23:38:34.092560 [info ] [MainThread]: Profile zomato written to /Users/jesusflores/.dbt/profiles.yml using target's profile_template.yml and your supplied values.
[0m23:38:34.108595 [info ] [MainThread]: Running dbt debug to validate the project...
[0m23:38:34.109987 [info ] [MainThread]: dbt version: 1.12.5
[0m23:38:34.110273 [info ] [MainThread]: python version: 3.12.13
[0m23:38:34.110466 [info ] [MainThread]: python path: /Users/jesusflores/Desktop/webdev/python/zomato_data_pipeline/.venv/bin/python
[0m23:38:34.110664 [info ] [MainThread]: os info: macOS-26.1-arm64-arm-64bit
[0m23:38:34.153702 [info ] [MainThread]: Using profiles dir at /Users/jesusflores/.dbt
[0m23:38:34.154079 [info ] [MainThread]: Using profiles.yml file at /Users/jesusflores/.dbt/profiles.yml
[0m23:38:34.154291 [info ] [MainThread]: Using dbt_project.yml file at /Users/jesusflores/Desktop/webdev/python/zomato_data_pipeline/zomato/dbt_project.yml
[0m23:38:34.155754 [info ] [MainThread]: adapter type: snowflake
[0m23:38:34.156027 [info ] [MainThread]: adapter version: 1.12.1
[0m23:38:34.227398 [info ] [MainThread]: Configuration:
[0m23:38:34.227789 [info ] [MainThread]:   profiles.yml file [[32mOK found and valid[0m]
[0m23:38:34.227987 [info ] [MainThread]:   dbt_project.yml file [[32mOK found and valid[0m]
[0m23:38:34.228156 [info ] [MainThread]: Required dependencies:
[0m23:38:34.228476 [debug] [MainThread]: Executing "git --help"
[0m23:38:34.261635 [debug] [MainThread]: STDOUT: "b"usage: git [-v | --version] [-h | --help] [-C <path>] [-c <name>=<value>]\n           [--exec-path[=<path>]] [--html-path] [--man-path] [--info-path]\n           [-p | --paginate | -P | --no-pager] [--no-replace-objects] [--bare]\n           [--git-dir=<path>] [--work-tree=<path>] [--namespace=<name>]\n           [--super-prefix=<path>] [--config-env=<name>=<envvar>]\n           <command> [<args>]\n\nThese are common Git commands used in various situations:\n\nstart a working area (see also: git help tutorial)\n   clone     Clone a repository into a new directory\n   init      Create an empty Git repository or reinitialize an existing one\n\nwork on the current change (see also: git help everyday)\n   add       Add file contents to the index\n   mv        Move or rename a file, a directory, or a symlink\n   restore   Restore working tree files\n   rm        Remove files from the working tree and from the index\n\nexamine the history and state (see also: git help revisions)\n   bisect    Use binary search to find the commit that introduced a bug\n   diff      Show changes between commits, commit and working tree, etc\n   grep      Print lines matching a pattern\n   log       Show commit logs\n   show      Show various types of objects\n   status    Show the working tree status\n\ngrow, mark and tweak your common history\n   branch    List, create, or delete branches\n   commit    Record changes to the repository\n   merge     Join two or more development histories together\n   rebase    Reapply commits on top of another base tip\n   reset     Reset current HEAD to the specified state\n   switch    Switch branches\n   tag       Create, list, delete or verify a tag object signed with GPG\n\ncollaborate (see also: git help workflows)\n   fetch     Download objects and refs from another repository\n   pull      Fetch from and integrate with another repository or a local branch\n   push      Update remote refs along with associated objects\n\n'git help -a' and 'git help -g' list available subcommands and some\nconcept guides. See 'git help <command>' or 'git help <concept>'\nto read about a specific subcommand or concept.\nSee 'git help git' for an overview of the system.\n""
[0m23:38:34.262383 [debug] [MainThread]: STDERR: "b''"
[0m23:38:34.262643 [info ] [MainThread]:  - git [[32mOK found[0m]

[0m23:38:34.262895 [info ] [MainThread]: Connection:
[0m23:38:34.263134 [info ] [MainThread]:   account: NVFWKWH-NJ73424
[0m23:38:34.263310 [info ] [MainThread]:   user: JESUSFLO
[0m23:38:34.263472 [info ] [MainThread]:   database: ZOMATO
[0m23:38:34.263630 [info ] [MainThread]:   warehouse: ZOMATO_WH
[0m23:38:34.263780 [info ] [MainThread]:   role: DBT_ROLE
[0m23:38:34.263935 [info ] [MainThread]:   schema: STAGING
[0m23:38:34.264086 [info ] [MainThread]:   authenticator: None
[0m23:38:34.264242 [info ] [MainThread]:   oauth_client_id: None
[0m23:38:34.264394 [info ] [MainThread]:   query_tag: None
[0m23:38:34.264543 [info ] [MainThread]:   client_session_keep_alive: False
[0m23:38:34.264695 [info ] [MainThread]:   host: None
[0m23:38:34.264849 [info ] [MainThread]:   port: None
[0m23:38:34.264995 [info ] [MainThread]:   proxy_host: None
[0m23:38:34.265147 [info ] [MainThread]:   proxy_port: None
[0m23:38:34.265297 [info ] [MainThread]:   protocol: None
[0m23:38:34.265449 [info ] [MainThread]:   connect_retries: 1
[0m23:38:34.265606 [info ] [MainThread]:   connect_timeout: None
[0m23:38:34.265757 [info ] [MainThread]:   retry_on_database_errors: False
[0m23:38:34.265915 [info ] [MainThread]:   retry_all: False
[0m23:38:34.266064 [info ] [MainThread]:   insecure_mode: False
[0m23:38:34.266211 [info ] [MainThread]:   reuse_connections: True
[0m23:38:34.266363 [info ] [MainThread]:   s3_stage_vpce_dns_name: None
[0m23:38:34.266513 [info ] [MainThread]:   workload_identity_provider: None
[0m23:38:34.266662 [info ] [MainThread]:   workload_identity_entra_resource: None
[0m23:38:34.266817 [info ] [MainThread]:   platform_detection_timeout_seconds: 0.0
[0m23:38:34.267419 [info ] [MainThread]: Registered adapter: snowflake=1.12.1
[0m23:38:34.416498 [debug] [MainThread]: Acquiring new snowflake connection 'debug'
[0m23:38:34.422377 [debug] [MainThread]: Using snowflake connection "debug"
[0m23:38:34.422676 [debug] [MainThread]: On debug: select 1 as id
[0m23:38:34.422885 [debug] [MainThread]: Opening a new connection, currently in state init
[0m23:38:35.102720 [debug] [MainThread]: Snowflake adapter: Error running SQL: select 1 as id
[0m23:38:35.103294 [debug] [MainThread]: Snowflake adapter: Rolling back transaction.
[0m23:38:35.103864 [info ] [MainThread]:   Connection test: [[31mERROR[0m]

[0m23:38:35.104810 [info ] [MainThread]: [31m1 check failed:[0m
[0m23:38:35.105330 [info ] [MainThread]: dbt was unable to connect to the specified database.
The database returned the following error:

  >Database Error
  390100 (28000): Failed to connect to DB: NVFWKWH-NJ73424.snowflakecomputing.com:443. Incorrect username or password was specified. [fa04ab9b-6280-4edb-952c-1cddea1d3023]

Check your database credentials and try again. For more information, visit:
https://docs.getdbt.com/docs/configure-your-profile


[0m23:38:35.106681 [info ] [MainThread]: Your new dbt project "zomato" was created!
Initialized new project in /Users/jesusflores/Desktop/webdev/python/zomato_data_pipeline/zomato/zomato

For more information on how to configure the profiles.yml file,
please consult the dbt documentation here:

  https://docs.getdbt.com/docs/configure-your-profile

One more thing:

Need help? Don't hesitate to reach out to us via GitHub issues or on Slack:

  https://community.getdbt.com/

Happy modeling!

[0m23:38:35.107972 [info ] [MainThread]: [31mYour profile may need adjustments. You can find the logs of `dbt debug` above[0m
[0m23:38:35.109432 [debug] [MainThread]: Resource report: {"command_name": "init", "command_success": true, "command_wall_clock_time": 403.24222, "process_in_blocks": "0", "process_kernel_time": 0.933663, "process_mem_max_rss": "165330944", "process_out_blocks": "0", "process_user_time": 3.465243}
[0m23:38:35.110695 [debug] [MainThread]: Command `dbt init` succeeded at 23:38:35.110406 after 403.24 seconds
[0m23:38:35.111181 [debug] [MainThread]: Connection 'debug' was left open.
[0m23:38:35.111612 [debug] [MainThread]: On debug: No close available on handle
[0m23:38:35.112055 [debug] [MainThread]: Sending event: {'category': 'dbt', 'action': 'invocation', 'label': 'end', 'context': [<snowplow_tracker.self_describing_json.SelfDescribingJson object at 0x10a404ad0>, <snowplow_tracker.self_describing_json.SelfDescribingJson object at 0x10a826870>, <snowplow_tracker.self_describing_json.SelfDescribingJson object at 0x10a19b980>]}
[0m23:38:35.112843 [debug] [MainThread]: Flushing usage events
[0m23:38:35.654467 [debug] [MainThread]: An error was encountered while trying to flush usage events
