{"timestamp":"2026-10-10T23:03:04.552382","level":"info","event":"DAG bundles loaded: dags-folder","logger":"airflow.dag_processing.bundles.manager.DagBundlesManager"}
{"timestamp":"2026-10-10T23:03:04.555839","level":"info","event":"Filling up the DagBag from /opt/airflow/dags/zomato_batch.py","logger":"airflow.models.dagbag.DagBag"}
{"timestamp":"2026-10-10T23:03:04.739583","level":"info","event":"Executing: ['USE WAREHOUSE ZOMATO_WH', \"COPY INTO ZOMATO.RAW.restaurants FROM @ZOMATO.RAW.ZOMATO_RAW_STAGE/restaurants/ ON_ERROR='CONTINUE'\", \"COPY INTO ZOMATO.RAW.users FROM @ZOMATO.RAW.ZOMATO_RAW_STAGE/users/ ON_ERROR='CONTINUE'\", \"COPY INTO ZOMATO.RAW.food FROM @ZOMATO.RAW.ZOMATO_RAW_STAGE/food/ ON_ERROR='CONTINUE'\", \"COPY INTO ZOMATO.RAW.menu FROM @ZOMATO.RAW.ZOMATO_RAW_STAGE/menu/ ON_ERROR='CONTINUE'\", 'COPY INTO ZOMATO.RAW.orders FROM @ZOMATO.RAW.ZOMATO_RAW_STAGE/orders/', 'COPY INTO ZOMATO.RAW.order_items FROM @ZOMATO.RAW.ZOMATO_RAW_STAGE/order_items/', 'COPY INTO ZOMATO.RAW.reviews FROM @ZOMATO.RAW.ZOMATO_RAW_STAGE/reviews/']","logger":"airflow.task.operators.airflow.providers.common.sql.operators.sql.SQLExecuteQueryOperator"}
{"timestamp":"2026-10-10T23:03:04.756345","level":"warning","event":"empty cryptography key - values will not be stored encrypted.","logger":"airflow.models.crypto"}
{"timestamp":"2026-10-10T23:03:04.758347","level":"info","event":"Connection Retrieved 'snowflake_default'","logger":"airflow.hooks.base"}
{"timestamp":"2026-10-10T23:03:06.379353","level":"info","event":"Connection Retrieved 'snowflake_default'","logger":"airflow.hooks.base"}
{"timestamp":"2026-10-10T23:03:06.380266","level":"info","event":"Snowflake Connector for Python Version: 3.16.0, Python Version: 3.12.11, Platform: Linux-6.10.14-linuxkit-aarch64-with-glibc2.36","logger":"snowflake.connector.connection"}
{"timestamp":"2026-10-10T23:03:06.380722","level":"info","event":"Connecting to GLOBAL Snowflake domain","logger":"snowflake.connector.connection"}
{"timestamp":"2026-10-10T23:03:08.789294","level":"info","event":"Running statement: USE WAREHOUSE ZOMATO_WH, parameters: None","logger":"airflow.task.hooks.airflow.providers.snowflake.hooks.snowflake.SnowflakeHook"}
{"timestamp":"2026-10-10T23:03:08.789741","level":"info","event":"Running statement: USE WAREHOUSE ZOMATO_WH, parameters: None","logger":"airflow.task.hooks.airflow.providers.snowflake.hooks.snowflake.SnowflakeHook"}
{"timestamp":"2026-10-10T23:03:09.009552","level":"info","event":"Rows affected: 1","logger":"airflow.task.hooks.airflow.providers.snowflake.hooks.snowflake.SnowflakeHook"}
{"timestamp":"2026-10-10T23:03:09.009978","level":"info","event":"Rows affected: 1","logger":"airflow.task.hooks.airflow.providers.snowflake.hooks.snowflake.SnowflakeHook"}
{"timestamp":"2026-10-10T23:03:09.010080","level":"info","event":"Snowflake query id: 01c7a567-0108-ed87-0011-4cb6000f6276","logger":"airflow.task.hooks.airflow.providers.snowflake.hooks.snowflake.SnowflakeHook"}
{"timestamp":"2026-10-10T23:03:09.010136","level":"info","event":"Running statement: COPY INTO ZOMATO.RAW.restaurants FROM @ZOMATO.RAW.ZOMATO_RAW_STAGE/restaurants/ ON_ERROR='CONTINUE', parameters: None","logger":"airflow.task.hooks.airflow.providers.snowflake.hooks.snowflake.SnowflakeHook"}
{"timestamp":"2026-10-10T23:03:09.010226","level":"info","event":"Running statement: COPY INTO ZOMATO.RAW.restaurants FROM @ZOMATO.RAW.ZOMATO_RAW_STAGE/restaurants/ ON_ERROR='CONTINUE', parameters: None","logger":"airflow.task.hooks.airflow.providers.snowflake.hooks.snowflake.SnowflakeHook"}
{"timestamp":"2026-10-10T23:03:10.448764","level":"info","event":"Rows affected: 1","logger":"airflow.task.hooks.airflow.providers.snowflake.hooks.snowflake.SnowflakeHook"}
{"timestamp":"2026-10-10T23:03:10.449377","level":"info","event":"Rows affected: 1","logger":"airflow.task.hooks.airflow.providers.snowflake.hooks.snowflake.SnowflakeHook"}
{"timestamp":"2026-10-10T23:03:10.449440","level":"info","event":"Snowflake query id: 01c7a567-0108-ed7c-0011-4cb6000f52a6","logger":"airflow.task.hooks.airflow.providers.snowflake.hooks.snowflake.SnowflakeHook"}
{"timestamp":"2026-10-10T23:03:10.449498","level":"info","event":"Running statement: COPY INTO ZOMATO.RAW.users FROM @ZOMATO.RAW.ZOMATO_RAW_STAGE/users/ ON_ERROR='CONTINUE', parameters: None","logger":"airflow.task.hooks.airflow.providers.snowflake.hooks.snowflake.SnowflakeHook"}
{"timestamp":"2026-10-10T23:03:10.449542","level":"info","event":"Running statement: COPY INTO ZOMATO.RAW.users FROM @ZOMATO.RAW.ZOMATO_RAW_STAGE/users/ ON_ERROR='CONTINUE', parameters: None","logger":"airflow.task.hooks.airflow.providers.snowflake.hooks.snowflake.SnowflakeHook"}
{"timestamp":"2026-10-10T23:03:11.259085","level":"info","event":"Rows affected: 1","logger":"airflow.task.hooks.airflow.providers.snowflake.hooks.snowflake.SnowflakeHook"}
{"timestamp":"2026-10-10T23:03:11.259574","level":"info","event":"Rows affected: 1","logger":"airflow.task.hooks.airflow.providers.snowflake.hooks.snowflake.SnowflakeHook"}
{"timestamp":"2026-10-10T23:03:11.259650","level":"info","event":"Snowflake query id: 01c7a567-0108-ed7c-0011-4cb6000f52aa","logger":"airflow.task.hooks.airflow.providers.snowflake.hooks.snowflake.SnowflakeHook"}
{"timestamp":"2026-10-10T23:03:11.259711","level":"info","event":"Running statement: COPY INTO ZOMATO.RAW.food FROM @ZOMATO.RAW.ZOMATO_RAW_STAGE/food/ ON_ERROR='CONTINUE', parameters: None","logger":"airflow.task.hooks.airflow.providers.snowflake.hooks.snowflake.SnowflakeHook"}
{"timestamp":"2026-10-10T23:03:11.259765","level":"info","event":"Running statement: COPY INTO ZOMATO.RAW.food FROM @ZOMATO.RAW.ZOMATO_RAW_STAGE/food/ ON_ERROR='CONTINUE', parameters: None","logger":"airflow.task.hooks.airflow.providers.snowflake.hooks.snowflake.SnowflakeHook"}
{"timestamp":"2026-10-10T23:03:12.240767","level":"info","event":"Rows affected: 1","logger":"airflow.task.hooks.airflow.providers.snowflake.hooks.snowflake.SnowflakeHook"}
{"timestamp":"2026-10-10T23:03:12.241127","level":"info","event":"Rows affected: 1","logger":"airflow.task.hooks.airflow.providers.snowflake.hooks.snowflake.SnowflakeHook"}
{"timestamp":"2026-10-10T23:03:12.241190","level":"info","event":"Snowflake query id: 01c7a567-0108-e3e8-0011-4cb6000e041e","logger":"airflow.task.hooks.airflow.providers.snowflake.hooks.snowflake.SnowflakeHook"}
{"timestamp":"2026-10-10T23:03:12.241249","level":"info","event":"Running statement: COPY INTO ZOMATO.RAW.menu FROM @ZOMATO.RAW.ZOMATO_RAW_STAGE/menu/ ON_ERROR='CONTINUE', parameters: None","logger":"airflow.task.hooks.airflow.providers.snowflake.hooks.snowflake.SnowflakeHook"}
{"timestamp":"2026-10-10T23:03:12.241293","level":"info","event":"Running statement: COPY INTO ZOMATO.RAW.menu FROM @ZOMATO.RAW.ZOMATO_RAW_STAGE/menu/ ON_ERROR='CONTINUE', parameters: None","logger":"airflow.task.hooks.airflow.providers.snowflake.hooks.snowflake.SnowflakeHook"}
{"timestamp":"2026-10-10T23:03:13.407518","level":"info","event":"Rows affected: 1","logger":"airflow.task.hooks.airflow.providers.snowflake.hooks.snowflake.SnowflakeHook"}
{"timestamp":"2026-10-10T23:03:13.407758","level":"info","event":"Rows affected: 1","logger":"airflow.task.hooks.airflow.providers.snowflake.hooks.snowflake.SnowflakeHook"}
{"timestamp":"2026-10-10T23:03:13.407804","level":"info","event":"Snowflake query id: 01c7a567-0108-ed87-0011-4cb6000f627a","logger":"airflow.task.hooks.airflow.providers.snowflake.hooks.snowflake.SnowflakeHook"}
{"timestamp":"2026-10-10T23:03:13.407836","level":"info","event":"Running statement: COPY INTO ZOMATO.RAW.orders FROM @ZOMATO.RAW.ZOMATO_RAW_STAGE/orders/, parameters: None","logger":"airflow.task.hooks.airflow.providers.snowflake.hooks.snowflake.SnowflakeHook"}
{"timestamp":"2026-10-10T23:03:13.407866","level":"info","event":"Running statement: COPY INTO ZOMATO.RAW.orders FROM @ZOMATO.RAW.ZOMATO_RAW_STAGE/orders/, parameters: None","logger":"airflow.task.hooks.airflow.providers.snowflake.hooks.snowflake.SnowflakeHook"}
{"timestamp":"2026-10-10T23:03:13.973060","level":"info","event":"Rows affected: 1","logger":"airflow.task.hooks.airflow.providers.snowflake.hooks.snowflake.SnowflakeHook"}
{"timestamp":"2026-10-10T23:03:13.973412","level":"info","event":"Rows affected: 1","logger":"airflow.task.hooks.airflow.providers.snowflake.hooks.snowflake.SnowflakeHook"}
{"timestamp":"2026-10-10T23:03:13.973482","level":"info","event":"Snowflake query id: 01c7a567-0108-ed7c-0011-4cb6000f52ae","logger":"airflow.task.hooks.airflow.providers.snowflake.hooks.snowflake.SnowflakeHook"}
{"timestamp":"2026-10-10T23:03:13.973540","level":"info","event":"Running statement: COPY INTO ZOMATO.RAW.order_items FROM @ZOMATO.RAW.ZOMATO_RAW_STAGE/order_items/, parameters: None","logger":"airflow.task.hooks.airflow.providers.snowflake.hooks.snowflake.SnowflakeHook"}
{"timestamp":"2026-10-10T23:03:13.973599","level":"info","event":"Running statement: COPY INTO ZOMATO.RAW.order_items FROM @ZOMATO.RAW.ZOMATO_RAW_STAGE/order_items/, parameters: None","logger":"airflow.task.hooks.airflow.providers.snowflake.hooks.snowflake.SnowflakeHook"}
{"timestamp":"2026-10-10T23:03:14.911746","level":"info","event":"Rows affected: 1","logger":"airflow.task.hooks.airflow.providers.snowflake.hooks.snowflake.SnowflakeHook"}
{"timestamp":"2026-10-10T23:03:14.912128","level":"info","event":"Rows affected: 1","logger":"airflow.task.hooks.airflow.providers.snowflake.hooks.snowflake.SnowflakeHook"}
{"timestamp":"2026-10-10T23:03:14.912197","level":"info","event":"Snowflake query id: 01c7a567-0108-ec04-0011-4cb6000f4292","logger":"airflow.task.hooks.airflow.providers.snowflake.hooks.snowflake.SnowflakeHook"}
{"timestamp":"2026-10-10T23:03:14.912245","level":"info","event":"Running statement: COPY INTO ZOMATO.RAW.reviews FROM @ZOMATO.RAW.ZOMATO_RAW_STAGE/reviews/, parameters: None","logger":"airflow.task.hooks.airflow.providers.snowflake.hooks.snowflake.SnowflakeHook"}
{"timestamp":"2026-10-10T23:03:14.912285","level":"info","event":"Running statement: COPY INTO ZOMATO.RAW.reviews FROM @ZOMATO.RAW.ZOMATO_RAW_STAGE/reviews/, parameters: None","logger":"airflow.task.hooks.airflow.providers.snowflake.hooks.snowflake.SnowflakeHook"}
{"timestamp":"2026-10-10T23:03:15.560271","level":"info","event":"Rows affected: 1","logger":"airflow.task.hooks.airflow.providers.snowflake.hooks.snowflake.SnowflakeHook"}
{"timestamp":"2026-10-10T23:03:15.560579","level":"info","event":"Rows affected: 1","logger":"airflow.task.hooks.airflow.providers.snowflake.hooks.snowflake.SnowflakeHook"}
{"timestamp":"2026-10-10T23:03:15.560641","level":"info","event":"Snowflake query id: 01c7a567-0108-e3e8-0011-4cb6000e0422","logger":"airflow.task.hooks.airflow.providers.snowflake.hooks.snowflake.SnowflakeHook"}
{"timestamp":"2026-10-10T23:03:15.720843","level":"info","event":"result: [[('Statement executed successfully.',)], [('Copy executed with 0 files processed.',)], [('Copy executed with 0 files processed.',)], [('Copy executed with 0 files processed.',)], [('Copy executed with 0 files processed.',)], [('Copy executed with 0 files processed.',)], [('Copy executed with 0 files processed.',)], [('Copy executed with 0 files processed.',)]]","logger":"airflow.task.operators.airflow.providers.common.sql.operators.sql.SQLExecuteQueryOperator"}
{"timestamp":"2026-10-10T23:03:15.721484","level":"info","event":"Pushing xcom","ti":"RuntimeTaskInstance(id=UUID('01a1280e-3877-720f-aaef-de0160208c74'), task_id='reload_raw', dag_id='zomato_batch', run_id='manual__2026-10-10T23:03:02.945860+00:00', try_number=1, map_index=-1, hostname='190e24e2aa1c', context_carrier=None, task=<Task(SQLExecuteQueryOperator): reload_raw>, bundle_instance=LocalDagBundle(name=dags-folder), max_tries=0, start_date=datetime.datetime(2026, 10, 10, 23, 3, 4, 156244, tzinfo=datetime.timezone.utc), end_date=None, state=<TaskInstanceState.RUNNING: 'running'>, is_mapped=False, rendered_map_index=None, log_url='http://localhost:8080/dags/zomato_batch/runs/manual__2026-10-10T23%3A03%3A02.945860%2B00%3A00/tasks/reload_raw?try_number=1')","logger":"task"}
