{"timestamp":"2026-10-10T00:05:59.912943","level":"info","event":"DAG bundles loaded: dags-folder","logger":"airflow.dag_processing.bundles.manager.DagBundlesManager"}
{"timestamp":"2026-10-10T00:05:59.913877","level":"info","event":"Filling up the DagBag from /opt/airflow/dags/zomato_batch.py","logger":"airflow.models.dagbag.DagBag"}
{"timestamp":"2026-10-10T00:06:00.003037","level":"info","event":"Tmp dir root location: /tmp","logger":"airflow.task.hooks.airflow.providers.standard.hooks.subprocess.SubprocessHook"}
{"timestamp":"2026-10-10T00:06:00.004833","level":"info","event":"Running command: ['/usr/bin/bash', '-c', 'python /opt/airflow/ai/enrich_reviews.py']","logger":"airflow.task.hooks.airflow.providers.standard.hooks.subprocess.SubprocessHook"}
{"timestamp":"2026-10-10T00:06:00.014975","level":"info","event":"Output:","logger":"airflow.task.hooks.airflow.providers.standard.hooks.subprocess.SubprocessHook"}
{"timestamp":"2026-10-10T00:06:11.126505","level":"info","event":"Enriching 5 reviews...","logger":"airflow.task.hooks.airflow.providers.standard.hooks.subprocess.SubprocessHook"}
{"timestamp":"2026-10-10T00:06:11.126832","level":"info","event":"Classifying review 11: Smooth, hassle-free experience. Great value for the price.","logger":"airflow.task.hooks.airflow.providers.standard.hooks.subprocess.SubprocessHook"}
{"timestamp":"2026-10-10T00:06:11.126947","level":"info","event":"Labels for review 11: {'sentiment_label': 'positive', 'sentiment_score': 0.9, 'topic': 'pricing', 'key_issue': None}","logger":"airflow.task.hooks.airflow.providers.standard.hooks.subprocess.SubprocessHook"}
{"timestamp":"2026-10-10T00:06:11.127048","level":"info","event":"Classifying review 12: Authentic taste, cooked perfectly. Smooth, hassle-free experience.","logger":"airflow.task.hooks.airflow.providers.standard.hooks.subprocess.SubprocessHook"}
{"timestamp":"2026-10-10T00:06:11.127144","level":"info","event":"Labels for review 12: {'sentiment_label': 'positive', 'sentiment_score': 0.9, 'topic': 'food quality', 'key_issue': None}","logger":"airflow.task.hooks.airflow.providers.standard.hooks.subprocess.SubprocessHook"}
{"timestamp":"2026-10-10T00:06:11.127226","level":"info","event":"Classifying review 13: Super fast delivery.","logger":"airflow.task.hooks.airflow.providers.standard.hooks.subprocess.SubprocessHook"}
{"timestamp":"2026-10-10T00:06:11.127301","level":"info","event":"Labels for review 13: {'sentiment_label': 'positive', 'sentiment_score': 0.9, 'topic': 'delivery', 'key_issue': None}","logger":"airflow.task.hooks.airflow.providers.standard.hooks.subprocess.SubprocessHook"}
{"timestamp":"2026-10-10T00:06:11.127381","level":"info","event":"Classifying review 14: Totally worth every rupee.","logger":"airflow.task.hooks.airflow.providers.standard.hooks.subprocess.SubprocessHook"}
{"timestamp":"2026-10-10T00:06:11.127448","level":"info","event":"Labels for review 14: {'sentiment_label': 'positive', 'sentiment_score': 0.9, 'topic': 'pricing', 'key_issue': None}","logger":"airflow.task.hooks.airflow.providers.standard.hooks.subprocess.SubprocessHook"}
{"timestamp":"2026-10-10T00:06:11.127547","level":"info","event":"Classifying review 15: The delivery partner was polite and helpful.","logger":"airflow.task.hooks.airflow.providers.standard.hooks.subprocess.SubprocessHook"}
{"timestamp":"2026-10-10T00:06:11.127610","level":"info","event":"Labels for review 15: {'sentiment_label': 'positive', 'sentiment_score': 0.9, 'topic': 'service', 'key_issue': None}","logger":"airflow.task.hooks.airflow.providers.standard.hooks.subprocess.SubprocessHook"}
{"timestamp":"2026-10-10T00:06:11.127698","level":"info","event":"Saving 5 enriched reviews to Snowflake...","logger":"airflow.task.hooks.airflow.providers.standard.hooks.subprocess.SubprocessHook"}
{"timestamp":"2026-10-10T00:06:11.127782","level":"info","event":"Saved 5 enriched reviews to Snowflake","logger":"airflow.task.hooks.airflow.providers.standard.hooks.subprocess.SubprocessHook"}
{"timestamp":"2026-10-10T00:06:11.351692","level":"info","event":"Command exited with return code 0","logger":"airflow.task.hooks.airflow.providers.standard.hooks.subprocess.SubprocessHook"}
{"timestamp":"2026-10-10T00:06:11.354396","level":"info","event":"Pushing xcom","ti":"RuntimeTaskInstance(id=UUID('01a12320-c7d1-7546-b417-a252e887a735'), task_id='enrich_reviews', dag_id='zomato_batch', run_id='scheduled__2026-10-10T00:00:00+00:00', try_number=1, map_index=-1, hostname='190e24e2aa1c', context_carrier=None, task=<Task(BashOperator): enrich_reviews>, bundle_instance=LocalDagBundle(name=dags-folder), max_tries=0, start_date=datetime.datetime(2026, 10, 10, 0, 5, 59, 813230, tzinfo=datetime.timezone.utc), end_date=None, state=<TaskInstanceState.RUNNING: 'running'>, is_mapped=False, rendered_map_index=None, log_url='http://localhost:8080/dags/zomato_batch/runs/scheduled__2026-10-10T00%3A00%3A00%2B00%3A00/tasks/enrich_reviews?try_number=1')","logger":"task"}
