{"timestamp":"2026-10-10T23:03:38.287341","level":"info","event":"DAG bundles loaded: dags-folder","logger":"airflow.dag_processing.bundles.manager.DagBundlesManager"}
{"timestamp":"2026-10-10T23:03:38.288615","level":"info","event":"Filling up the DagBag from /opt/airflow/dags/zomato_batch.py","logger":"airflow.models.dagbag.DagBag"}
{"timestamp":"2026-10-10T23:03:38.365330","level":"info","event":"Tmp dir root location: /tmp","logger":"airflow.task.hooks.airflow.providers.standard.hooks.subprocess.SubprocessHook"}
{"timestamp":"2026-10-10T23:03:38.367424","level":"info","event":"Running command: ['/usr/bin/bash', '-c', 'python /opt/airflow/ai/enrich_reviews.py']","logger":"airflow.task.hooks.airflow.providers.standard.hooks.subprocess.SubprocessHook"}
{"timestamp":"2026-10-10T23:03:38.384368","level":"info","event":"Output:","logger":"airflow.task.hooks.airflow.providers.standard.hooks.subprocess.SubprocessHook"}
{"timestamp":"2026-10-10T23:03:49.397443","level":"info","event":"Enriching 5 reviews...","logger":"airflow.task.hooks.airflow.providers.standard.hooks.subprocess.SubprocessHook"}
{"timestamp":"2026-10-10T23:03:49.399191","level":"info","event":"Classifying review 16: Great eco-friendly packaging.","logger":"airflow.task.hooks.airflow.providers.standard.hooks.subprocess.SubprocessHook"}
{"timestamp":"2026-10-10T23:03:49.399469","level":"info","event":"Labels for review 16: {'sentiment_label': 'positive', 'sentiment_score': 0.9, 'topic': 'packaging', 'key_issue': None}","logger":"airflow.task.hooks.airflow.providers.standard.hooks.subprocess.SubprocessHook"}
{"timestamp":"2026-10-10T23:03:49.399681","level":"info","event":"Classifying review 17: Gravy spilled all over the bag.","logger":"airflow.task.hooks.airflow.providers.standard.hooks.subprocess.SubprocessHook"}
{"timestamp":"2026-10-10T23:03:49.399825","level":"info","event":"Labels for review 17: {'sentiment_label': 'negative', 'sentiment_score': -0.6, 'topic': 'packaging', 'key_issue': 'gravy spilled in the bag'}","logger":"airflow.task.hooks.airflow.providers.standard.hooks.subprocess.SubprocessHook"}
{"timestamp":"2026-10-10T23:03:49.399976","level":"info","event":"Classifying review 18: Fine, would maybe order again.","logger":"airflow.task.hooks.airflow.providers.standard.hooks.subprocess.SubprocessHook"}
{"timestamp":"2026-10-10T23:03:49.400056","level":"info","event":"Labels for review 18: {'sentiment_label': 'neutral', 'sentiment_score': 0.0, 'topic': 'other', 'key_issue': None}","logger":"airflow.task.hooks.airflow.providers.standard.hooks.subprocess.SubprocessHook"}
{"timestamp":"2026-10-10T23:03:49.400131","level":"info","event":"Classifying review 19: One of the best meals i've ordered. Totally worth every rupee.","logger":"airflow.task.hooks.airflow.providers.standard.hooks.subprocess.SubprocessHook"}
{"timestamp":"2026-10-10T23:03:49.400193","level":"info","event":"Labels for review 19: {'sentiment_label': 'positive', 'sentiment_score': 0.9, 'topic': 'food quality', 'key_issue': None}","logger":"airflow.task.hooks.airflow.providers.standard.hooks.subprocess.SubprocessHook"}
{"timestamp":"2026-10-10T23:03:49.400288","level":"info","event":"Classifying review 20: Oily, stale and tasteless. Gravy spilled all over the bag.","logger":"airflow.task.hooks.airflow.providers.standard.hooks.subprocess.SubprocessHook"}
{"timestamp":"2026-10-10T23:03:49.400355","level":"info","event":"Labels for review 20: {'sentiment_label': 'negative', 'sentiment_score': -0.9, 'topic': 'food quality', 'key_issue': 'oily and tasteless food'}","logger":"airflow.task.hooks.airflow.providers.standard.hooks.subprocess.SubprocessHook"}
{"timestamp":"2026-10-10T23:03:49.400429","level":"info","event":"Saving 5 enriched reviews to Snowflake...","logger":"airflow.task.hooks.airflow.providers.standard.hooks.subprocess.SubprocessHook"}
{"timestamp":"2026-10-10T23:03:49.400490","level":"info","event":"Saved 5 enriched reviews to Snowflake","logger":"airflow.task.hooks.airflow.providers.standard.hooks.subprocess.SubprocessHook"}
{"timestamp":"2026-10-10T23:03:49.697676","level":"info","event":"Command exited with return code 0","logger":"airflow.task.hooks.airflow.providers.standard.hooks.subprocess.SubprocessHook"}
{"timestamp":"2026-10-10T23:03:49.702265","level":"info","event":"Pushing xcom","ti":"RuntimeTaskInstance(id=UUID('01a1280e-3879-7abd-8241-3b84ed377194'), task_id='enrich_reviews', dag_id='zomato_batch', run_id='manual__2026-10-10T23:03:02.945860+00:00', try_number=1, map_index=-1, hostname='190e24e2aa1c', context_carrier=None, task=<Task(BashOperator): enrich_reviews>, bundle_instance=LocalDagBundle(name=dags-folder), max_tries=0, start_date=datetime.datetime(2026, 10, 10, 23, 3, 37, 916163, tzinfo=datetime.timezone.utc), end_date=None, state=<TaskInstanceState.RUNNING: 'running'>, is_mapped=False, rendered_map_index=None, log_url='http://localhost:8080/dags/zomato_batch/runs/manual__2026-10-10T23%3A03%3A02.945860%2B00%3A00/tasks/enrich_reviews?try_number=1')","logger":"task"}
