{"timestamp":"2026-10-10T23:03:17.450209","level":"info","event":"DAG bundles loaded: dags-folder","logger":"airflow.dag_processing.bundles.manager.DagBundlesManager"}
{"timestamp":"2026-10-10T23:03:17.455893","level":"info","event":"Filling up the DagBag from /opt/airflow/dags/zomato_batch.py","logger":"airflow.models.dagbag.DagBag"}
{"timestamp":"2026-10-10T23:03:17.647592","level":"info","event":"Tmp dir root location: /tmp","logger":"airflow.task.hooks.airflow.providers.standard.hooks.subprocess.SubprocessHook"}
{"timestamp":"2026-10-10T23:03:17.651412","level":"info","event":"Running command: ['/usr/bin/bash', '-c', '/opt/airflow/dbt_venv/bin/dbt build --exclude tag:ai --project-dir /opt/airflow/dbt/zomato --profiles-dir /opt/airflow/dbt/zomato']","logger":"airflow.task.hooks.airflow.providers.standard.hooks.subprocess.SubprocessHook"}
{"timestamp":"2026-10-10T23:03:17.670333","level":"info","event":"Output:","logger":"airflow.task.hooks.airflow.providers.standard.hooks.subprocess.SubprocessHook"}
{"timestamp":"2026-10-10T23:03:20.207564","level":"info","event":"\u001b[0m23:03:20  Running with dbt=1.12.5","logger":"airflow.task.hooks.airflow.providers.standard.hooks.subprocess.SubprocessHook"}
{"timestamp":"2026-10-10T23:03:21.292913","level":"info","event":"\u001b[0m23:03:21  Registered adapter: snowflake=1.8.4","logger":"airflow.task.hooks.airflow.providers.standard.hooks.subprocess.SubprocessHook"}
{"timestamp":"2026-10-10T23:03:22.125795","level":"info","event":"\u001b[0m23:03:22  [\u001b[33mWARNING\u001b[0m]: Configuration paths exist in your dbt_project.yml file which do not apply to any resources.","logger":"airflow.task.hooks.airflow.providers.standard.hooks.subprocess.SubprocessHook"}
{"timestamp":"2026-10-10T23:03:22.126073","level":"info","event":"There are 1 unused configuration paths:","logger":"airflow.task.hooks.airflow.providers.standard.hooks.subprocess.SubprocessHook"}
{"timestamp":"2026-10-10T23:03:22.126262","level":"info","event":"- models.snapshot.zomato","logger":"airflow.task.hooks.airflow.providers.standard.hooks.subprocess.SubprocessHook"}
{"timestamp":"2026-10-10T23:03:22.305823","level":"info","event":"\u001b[0m23:03:22  Found 17 models, 16 data tests, 8 sources, 505 macros","logger":"airflow.task.hooks.airflow.providers.standard.hooks.subprocess.SubprocessHook"}
{"timestamp":"2026-10-10T23:03:22.309534","level":"info","event":"\u001b[0m23:03:22","logger":"airflow.task.hooks.airflow.providers.standard.hooks.subprocess.SubprocessHook"}
{"timestamp":"2026-10-10T23:03:22.309857","level":"info","event":"\u001b[0m23:03:22  Concurrency: 8 threads (target='dev')","logger":"airflow.task.hooks.airflow.providers.standard.hooks.subprocess.SubprocessHook"}
{"timestamp":"2026-10-10T23:03:22.310258","level":"info","event":"\u001b[0m23:03:22","logger":"airflow.task.hooks.airflow.providers.standard.hooks.subprocess.SubprocessHook"}
{"timestamp":"2026-10-10T23:03:25.257683","level":"info","event":"\u001b[0m23:03:25  1 of 32 START sql table model STAGING_marts.dim_date ........................... [RUN]","logger":"airflow.task.hooks.airflow.providers.standard.hooks.subprocess.SubprocessHook"}
{"timestamp":"2026-10-10T23:03:25.259854","level":"info","event":"\u001b[0m23:03:25  2 of 32 START sql view model STAGING_staging.stg_food .......................... [RUN]","logger":"airflow.task.hooks.airflow.providers.standard.hooks.subprocess.SubprocessHook"}
{"timestamp":"2026-10-10T23:03:25.262732","level":"info","event":"\u001b[0m23:03:25  3 of 32 START sql view model STAGING_staging.stg_menu .......................... [RUN]","logger":"airflow.task.hooks.airflow.providers.standard.hooks.subprocess.SubprocessHook"}
{"timestamp":"2026-10-10T23:03:25.263541","level":"info","event":"\u001b[0m23:03:25  4 of 32 START sql view model STAGING_staging.stg_order_items ................... [RUN]","logger":"airflow.task.hooks.airflow.providers.standard.hooks.subprocess.SubprocessHook"}
{"timestamp":"2026-10-10T23:03:25.265045","level":"info","event":"\u001b[0m23:03:25  6 of 32 START sql view model STAGING_staging.stg_restaurants ................... [RUN]","logger":"airflow.task.hooks.airflow.providers.standard.hooks.subprocess.SubprocessHook"}
{"timestamp":"2026-10-10T23:03:25.266393","level":"info","event":"\u001b[0m23:03:25  7 of 32 START sql view model STAGING_staging.stg_users ......................... [RUN]","logger":"airflow.task.hooks.airflow.providers.standard.hooks.subprocess.SubprocessHook"}
{"timestamp":"2026-10-10T23:03:25.267107","level":"info","event":"\u001b[0m23:03:25  5 of 32 START sql view model STAGING_staging.stg_orders ........................ [RUN]","logger":"airflow.task.hooks.airflow.providers.standard.hooks.subprocess.SubprocessHook"}
{"timestamp":"2026-10-10T23:03:26.537522","level":"info","event":"\u001b[0m23:03:26  4 of 32 OK created sql view model STAGING_staging.stg_order_items .............. [\u001b[32mSUCCESS 1\u001b[0m in 1.27s]","logger":"airflow.task.hooks.airflow.providers.standard.hooks.subprocess.SubprocessHook"}
{"timestamp":"2026-10-10T23:03:26.539582","level":"info","event":"\u001b[0m23:03:26  8 of 32 START test not_null_stg_order_items_order_item_id ...................... [RUN]","logger":"airflow.task.hooks.airflow.providers.standard.hooks.subprocess.SubprocessHook"}
{"timestamp":"2026-10-10T23:03:26.540004","level":"info","event":"\u001b[0m23:03:26  9 of 32 START test unique_stg_order_items_order_item_id ........................ [RUN]","logger":"airflow.task.hooks.airflow.providers.standard.hooks.subprocess.SubprocessHook"}
{"timestamp":"2026-10-10T23:03:26.684217","level":"info","event":"\u001b[0m23:03:26  6 of 32 OK created sql view model STAGING_staging.stg_restaurants .............. [\u001b[32mSUCCESS 1\u001b[0m in 1.41s]","logger":"airflow.task.hooks.airflow.providers.standard.hooks.subprocess.SubprocessHook"}
{"timestamp":"2026-10-10T23:03:26.685668","level":"info","event":"\u001b[0m23:03:26  10 of 32 START test not_null_stg_restaurants_restaurant_id ..................... [RUN]","logger":"airflow.task.hooks.airflow.providers.standard.hooks.subprocess.SubprocessHook"}
{"timestamp":"2026-10-10T23:03:27.395520","level":"info","event":"\u001b[0m23:03:27  1 of 32 OK created sql table model STAGING_marts.dim_date ...................... [\u001b[32mSUCCESS 1\u001b[0m in 2.13s]","logger":"airflow.task.hooks.airflow.providers.standard.hooks.subprocess.SubprocessHook"}
{"timestamp":"2026-10-10T23:03:27.397176","level":"info","event":"\u001b[0m23:03:27  11 of 32 START test unique_stg_restaurants_restaurant_id ....................... [RUN]","logger":"airflow.task.hooks.airflow.providers.standard.hooks.subprocess.SubprocessHook"}
{"timestamp":"2026-10-10T23:03:27.551347","level":"info","event":"\u001b[0m23:03:27  10 of 32 PASS not_null_stg_restaurants_restaurant_id ........................... [\u001b[32mPASS\u001b[0m in 0.86s]","logger":"airflow.task.hooks.airflow.providers.standard.hooks.subprocess.SubprocessHook"}
{"timestamp":"2026-10-10T23:03:27.868204","level":"info","event":"\u001b[0m23:03:27  5 of 32 OK created sql view model STAGING_staging.stg_orders ................... [\u001b[32mSUCCESS 1\u001b[0m in 2.59s]","logger":"airflow.task.hooks.airflow.providers.standard.hooks.subprocess.SubprocessHook"}
{"timestamp":"2026-10-10T23:03:27.873500","level":"info","event":"\u001b[0m23:03:27  12 of 32 START test not_null_stg_orders_customer_id ............................ [RUN]","logger":"airflow.task.hooks.airflow.providers.standard.hooks.subprocess.SubprocessHook"}
{"timestamp":"2026-10-10T23:03:27.873896","level":"info","event":"\u001b[0m23:03:27  13 of 32 START test not_null_stg_orders_order_id ............................... [RUN]","logger":"airflow.task.hooks.airflow.providers.standard.hooks.subprocess.SubprocessHook"}
{"timestamp":"2026-10-10T23:03:27.874695","level":"info","event":"\u001b[0m23:03:27  2 of 32 OK created sql view model STAGING_staging.stg_food ..................... [\u001b[32mSUCCESS 1\u001b[0m in 2.61s]","logger":"airflow.task.hooks.airflow.providers.standard.hooks.subprocess.SubprocessHook"}
{"timestamp":"2026-10-10T23:03:27.889409","level":"info","event":"\u001b[0m23:03:27  14 of 32 START test not_null_stg_orders_restaurant_id .......................... [RUN]","logger":"airflow.task.hooks.airflow.providers.standard.hooks.subprocess.SubprocessHook"}
{"timestamp":"2026-10-10T23:03:27.968408","level":"info","event":"\u001b[0m23:03:27  3 of 32 OK created sql view model STAGING_staging.stg_menu ..................... [\u001b[32mSUCCESS 1\u001b[0m in 2.70s]","logger":"airflow.task.hooks.airflow.providers.standard.hooks.subprocess.SubprocessHook"}
{"timestamp":"2026-10-10T23:03:27.972754","level":"info","event":"\u001b[0m23:03:27  15 of 32 START test unique_stg_orders_order_id ................................. [RUN]","logger":"airflow.task.hooks.airflow.providers.standard.hooks.subprocess.SubprocessHook"}
{"timestamp":"2026-10-10T23:03:28.259390","level":"info","event":"\u001b[0m23:03:28  8 of 32 PASS not_null_stg_order_items_order_item_id ............................ [\u001b[32mPASS\u001b[0m in 1.72s]","logger":"airflow.task.hooks.airflow.providers.standard.hooks.subprocess.SubprocessHook"}
{"timestamp":"2026-10-10T23:03:28.261145","level":"info","event":"\u001b[0m23:03:28  16 of 32 START sql table model STAGING_marts.dim_food .......................... [RUN]","logger":"airflow.task.hooks.airflow.providers.standard.hooks.subprocess.SubprocessHook"}
{"timestamp":"2026-10-10T23:03:28.342621","level":"info","event":"\u001b[0m23:03:28  7 of 32 OK created sql view model STAGING_staging.stg_users .................... [\u001b[32mSUCCESS 1\u001b[0m in 3.07s]","logger":"airflow.task.hooks.airflow.providers.standard.hooks.subprocess.SubprocessHook"}
{"timestamp":"2026-10-10T23:03:28.345002","level":"info","event":"\u001b[0m23:03:28  17 of 32 START test not_null_stg_users_customer_id ............................. [RUN]","logger":"airflow.task.hooks.airflow.providers.standard.hooks.subprocess.SubprocessHook"}
{"timestamp":"2026-10-10T23:03:28.569348","level":"info","event":"\u001b[0m23:03:28  9 of 32 PASS unique_stg_order_items_order_item_id .............................. [\u001b[32mPASS\u001b[0m in 2.03s]","logger":"airflow.task.hooks.airflow.providers.standard.hooks.subprocess.SubprocessHook"}
{"timestamp":"2026-10-10T23:03:28.572347","level":"info","event":"\u001b[0m23:03:28  18 of 32 START test unique_stg_users_customer_id ............................... [RUN]","logger":"airflow.task.hooks.airflow.providers.standard.hooks.subprocess.SubprocessHook"}
{"timestamp":"2026-10-10T23:03:28.702581","level":"info","event":"\u001b[0m23:03:28  12 of 32 PASS not_null_stg_orders_customer_id .................................. [\u001b[32mPASS\u001b[0m in 0.83s]","logger":"airflow.task.hooks.airflow.providers.standard.hooks.subprocess.SubprocessHook"}
{"timestamp":"2026-10-10T23:03:28.768695","level":"info","event":"\u001b[0m23:03:28  14 of 32 PASS not_null_stg_orders_restaurant_id ................................ [\u001b[32mPASS\u001b[0m in 0.88s]","logger":"airflow.task.hooks.airflow.providers.standard.hooks.subprocess.SubprocessHook"}
{"timestamp":"2026-10-10T23:03:28.841821","level":"info","event":"\u001b[0m23:03:28  11 of 32 PASS unique_stg_restaurants_restaurant_id ............................. [\u001b[32mPASS\u001b[0m in 1.44s]","logger":"airflow.task.hooks.airflow.providers.standard.hooks.subprocess.SubprocessHook"}
{"timestamp":"2026-10-10T23:03:28.844036","level":"info","event":"\u001b[0m23:03:28  19 of 32 START sql table model STAGING_marts.dim_restaurants ................... [RUN]","logger":"airflow.task.hooks.airflow.providers.standard.hooks.subprocess.SubprocessHook"}
{"timestamp":"2026-10-10T23:03:28.844520","level":"info","event":"\u001b[0m23:03:28  20 of 32 START sql view model STAGING_staging.stg_reviews ...................... [RUN]","logger":"airflow.task.hooks.airflow.providers.standard.hooks.subprocess.SubprocessHook"}
{"timestamp":"2026-10-10T23:03:28.911907","level":"info","event":"\u001b[0m23:03:28  13 of 32 PASS not_null_stg_orders_order_id ..................................... [\u001b[32mPASS\u001b[0m in 1.03s]","logger":"airflow.task.hooks.airflow.providers.standard.hooks.subprocess.SubprocessHook"}
{"timestamp":"2026-10-10T23:03:29.039374","level":"info","event":"\u001b[0m23:03:29  15 of 32 PASS unique_stg_orders_order_id ....................................... [\u001b[32mPASS\u001b[0m in 1.07s]","logger":"airflow.task.hooks.airflow.providers.standard.hooks.subprocess.SubprocessHook"}
{"timestamp":"2026-10-10T23:03:29.041636","level":"info","event":"\u001b[0m23:03:29  21 of 32 START sql incremental model STAGING_marts.fact_order_items ............ [RUN]","logger":"airflow.task.hooks.airflow.providers.standard.hooks.subprocess.SubprocessHook"}
{"timestamp":"2026-10-10T23:03:29.042304","level":"info","event":"\u001b[0m23:03:29  22 of 32 START sql incremental model STAGING_marts.fct_orders .................. [RUN]","logger":"airflow.task.hooks.airflow.providers.standard.hooks.subprocess.SubprocessHook"}
{"timestamp":"2026-10-10T23:03:29.382848","level":"info","event":"\u001b[0m23:03:29  17 of 32 PASS not_null_stg_users_customer_id ................................... [\u001b[32mPASS\u001b[0m in 1.04s]","logger":"airflow.task.hooks.airflow.providers.standard.hooks.subprocess.SubprocessHook"}
{"timestamp":"2026-10-10T23:03:29.683996","level":"info","event":"\u001b[0m23:03:29  18 of 32 PASS unique_stg_users_customer_id ..................................... [\u001b[32mPASS\u001b[0m in 1.11s]","logger":"airflow.task.hooks.airflow.providers.standard.hooks.subprocess.SubprocessHook"}
{"timestamp":"2026-10-10T23:03:29.686487","level":"info","event":"\u001b[0m23:03:29  23 of 32 START sql table model STAGING_marts.dim_customer ...................... [RUN]","logger":"airflow.task.hooks.airflow.providers.standard.hooks.subprocess.SubprocessHook"}
{"timestamp":"2026-10-10T23:03:29.817082","level":"info","event":"\u001b[0m23:03:29  20 of 32 OK created sql view model STAGING_staging.stg_reviews ................. [\u001b[32mSUCCESS 1\u001b[0m in 0.97s]","logger":"airflow.task.hooks.airflow.providers.standard.hooks.subprocess.SubprocessHook"}
{"timestamp":"2026-10-10T23:03:29.819076","level":"info","event":"\u001b[0m23:03:29  24 of 32 START test not_null_stg_reviews_review_id ............................. [RUN]","logger":"airflow.task.hooks.airflow.providers.standard.hooks.subprocess.SubprocessHook"}
{"timestamp":"2026-10-10T23:03:29.819475","level":"info","event":"\u001b[0m23:03:29  25 of 32 START test unique_stg_reviews_review_id ............................... [RUN]","logger":"airflow.task.hooks.airflow.providers.standard.hooks.subprocess.SubprocessHook"}
{"timestamp":"2026-10-10T23:03:30.818003","level":"info","event":"\u001b[0m23:03:30  24 of 32 PASS not_null_stg_reviews_review_id ................................... [\u001b[32mPASS\u001b[0m in 1.00s]","logger":"airflow.task.hooks.airflow.providers.standard.hooks.subprocess.SubprocessHook"}
{"timestamp":"2026-10-10T23:03:30.881741","level":"info","event":"\u001b[0m23:03:30  19 of 32 OK created sql table model STAGING_marts.dim_restaurants .............. [\u001b[32mSUCCESS 1\u001b[0m in 2.04s]","logger":"airflow.task.hooks.airflow.providers.standard.hooks.subprocess.SubprocessHook"}
{"timestamp":"2026-10-10T23:03:31.097892","level":"info","event":"\u001b[0m23:03:31  25 of 32 PASS unique_stg_reviews_review_id ..................................... [\u001b[32mPASS\u001b[0m in 1.28s]","logger":"airflow.task.hooks.airflow.providers.standard.hooks.subprocess.SubprocessHook"}
{"timestamp":"2026-10-10T23:03:31.162836","level":"info","event":"\u001b[0m23:03:31  16 of 32 OK created sql table model STAGING_marts.dim_food ..................... [\u001b[32mSUCCESS 1\u001b[0m in 2.90s]","logger":"airflow.task.hooks.airflow.providers.standard.hooks.subprocess.SubprocessHook"}
{"timestamp":"2026-10-10T23:03:31.335334","level":"info","event":"\u001b[0m23:03:31  23 of 32 OK created sql table model STAGING_marts.dim_customer ................. [\u001b[32mSUCCESS 1\u001b[0m in 1.65s]","logger":"airflow.task.hooks.airflow.providers.standard.hooks.subprocess.SubprocessHook"}
{"timestamp":"2026-10-10T23:03:32.128302","level":"info","event":"\u001b[0m23:03:32  21 of 32 OK created sql incremental model STAGING_marts.fact_order_items ....... [\u001b[32mSUCCESS 0\u001b[0m in 3.08s]","logger":"airflow.task.hooks.airflow.providers.standard.hooks.subprocess.SubprocessHook"}
{"timestamp":"2026-10-10T23:03:32.180815","level":"info","event":"\u001b[0m23:03:32  22 of 32 OK created sql incremental model STAGING_marts.fct_orders ............. [\u001b[32mSUCCESS 0\u001b[0m in 3.13s]","logger":"airflow.task.hooks.airflow.providers.standard.hooks.subprocess.SubprocessHook"}
{"timestamp":"2026-10-10T23:03:32.187660","level":"info","event":"\u001b[0m23:03:32  26 of 32 START test accepted_values_fct_orders_order_status__Delivered__Cancelled__Refunded  [RUN]","logger":"airflow.task.hooks.airflow.providers.standard.hooks.subprocess.SubprocessHook"}
{"timestamp":"2026-10-10T23:03:32.189404","level":"info","event":"\u001b[0m23:03:32  27 of 32 START test not_null_fct_orders_order_id ............................... [RUN]","logger":"airflow.task.hooks.airflow.providers.standard.hooks.subprocess.SubprocessHook"}
{"timestamp":"2026-10-10T23:03:32.190351","level":"info","event":"\u001b[0m23:03:32  28 of 32 START test relationships_fct_orders_customer_id__customer_id__ref_dim_customer_  [RUN]","logger":"airflow.task.hooks.airflow.providers.standard.hooks.subprocess.SubprocessHook"}
{"timestamp":"2026-10-10T23:03:32.193010","level":"info","event":"\u001b[0m23:03:32  29 of 32 START test unique_fct_orders_order_id ................................. [RUN]","logger":"airflow.task.hooks.airflow.providers.standard.hooks.subprocess.SubprocessHook"}
{"timestamp":"2026-10-10T23:03:32.982392","level":"info","event":"\u001b[0m23:03:32  27 of 32 PASS not_null_fct_orders_order_id ..................................... [\u001b[32mPASS\u001b[0m in 0.79s]","logger":"airflow.task.hooks.airflow.providers.standard.hooks.subprocess.SubprocessHook"}
{"timestamp":"2026-10-10T23:03:33.002608","level":"info","event":"\u001b[0m23:03:33  29 of 32 PASS unique_fct_orders_order_id ....................................... [\u001b[32mPASS\u001b[0m in 0.81s]","logger":"airflow.task.hooks.airflow.providers.standard.hooks.subprocess.SubprocessHook"}
{"timestamp":"2026-10-10T23:03:33.012875","level":"info","event":"\u001b[0m23:03:33  26 of 32 PASS accepted_values_fct_orders_order_status__Delivered__Cancelled__Refunded  [\u001b[32mPASS\u001b[0m in 0.82s]","logger":"airflow.task.hooks.airflow.providers.standard.hooks.subprocess.SubprocessHook"}
{"timestamp":"2026-10-10T23:03:33.015662","level":"info","event":"\u001b[0m23:03:33  30 of 32 START sql table model STAGING_marts.mart_daily_city_revenune .......... [RUN]","logger":"airflow.task.hooks.airflow.providers.standard.hooks.subprocess.SubprocessHook"}
{"timestamp":"2026-10-10T23:03:33.016292","level":"info","event":"\u001b[0m23:03:33  31 of 32 START sql table model STAGING_marts.mart_delivery_sla ................. [RUN]","logger":"airflow.task.hooks.airflow.providers.standard.hooks.subprocess.SubprocessHook"}
{"timestamp":"2026-10-10T23:03:33.016762","level":"info","event":"\u001b[0m23:03:33  32 of 32 START sql table model STAGING_marts.mart_restaurant_performance ....... [RUN]","logger":"airflow.task.hooks.airflow.providers.standard.hooks.subprocess.SubprocessHook"}
{"timestamp":"2026-10-10T23:03:33.706526","level":"info","event":"\u001b[0m23:03:33  28 of 32 PASS relationships_fct_orders_customer_id__customer_id__ref_dim_customer_  [\u001b[32mPASS\u001b[0m in 1.51s]","logger":"airflow.task.hooks.airflow.providers.standard.hooks.subprocess.SubprocessHook"}
{"timestamp":"2026-10-10T23:03:35.529215","level":"info","event":"\u001b[0m23:03:35  30 of 32 OK created sql table model STAGING_marts.mart_daily_city_revenune ..... [\u001b[32mSUCCESS 1\u001b[0m in 2.51s]","logger":"airflow.task.hooks.airflow.providers.standard.hooks.subprocess.SubprocessHook"}
{"timestamp":"2026-10-10T23:03:35.629074","level":"info","event":"\u001b[0m23:03:35  31 of 32 OK created sql table model STAGING_marts.mart_delivery_sla ............ [\u001b[32mSUCCESS 1\u001b[0m in 2.61s]","logger":"airflow.task.hooks.airflow.providers.standard.hooks.subprocess.SubprocessHook"}
{"timestamp":"2026-10-10T23:03:36.650613","level":"info","event":"\u001b[0m23:03:36  32 of 32 OK created sql table model STAGING_marts.mart_restaurant_performance .. [\u001b[32mSUCCESS 1\u001b[0m in 3.63s]","logger":"airflow.task.hooks.airflow.providers.standard.hooks.subprocess.SubprocessHook"}
{"timestamp":"2026-10-10T23:03:36.678352","level":"info","event":"\u001b[0m23:03:36","logger":"airflow.task.hooks.airflow.providers.standard.hooks.subprocess.SubprocessHook"}
{"timestamp":"2026-10-10T23:03:36.679003","level":"info","event":"\u001b[0m23:03:36  Finished running 2 incremental models, 7 table models, 16 data tests, 7 view models in 0 hours 0 minutes and 14.37 seconds (14.37s).","logger":"airflow.task.hooks.airflow.providers.standard.hooks.subprocess.SubprocessHook"}
{"timestamp":"2026-10-10T23:03:36.762324","level":"info","event":"\u001b[0m23:03:36","logger":"airflow.task.hooks.airflow.providers.standard.hooks.subprocess.SubprocessHook"}
{"timestamp":"2026-10-10T23:03:36.762774","level":"info","event":"\u001b[0m23:03:36  \u001b[32mCompleted successfully\u001b[0m","logger":"airflow.task.hooks.airflow.providers.standard.hooks.subprocess.SubprocessHook"}
{"timestamp":"2026-10-10T23:03:36.763343","level":"info","event":"\u001b[0m23:03:36","logger":"airflow.task.hooks.airflow.providers.standard.hooks.subprocess.SubprocessHook"}
{"timestamp":"2026-10-10T23:03:36.763914","level":"info","event":"\u001b[0m23:03:36  Done. PASS=32 WARN=0 ERROR=0 SKIP=0 NO-OP=0 REUSED=0 TOTAL=32","logger":"airflow.task.hooks.airflow.providers.standard.hooks.subprocess.SubprocessHook"}
{"timestamp":"2026-10-10T23:03:37.607457","level":"info","event":"Command exited with return code 0","logger":"airflow.task.hooks.airflow.providers.standard.hooks.subprocess.SubprocessHook"}
{"timestamp":"2026-10-10T23:03:37.618225","level":"info","event":"Pushing xcom","ti":"RuntimeTaskInstance(id=UUID('01a1280e-3878-7e01-b963-38ceed7c1068'), task_id='dbt_build_core', dag_id='zomato_batch', run_id='manual__2026-10-10T23:03:02.945860+00:00', try_number=1, map_index=-1, hostname='190e24e2aa1c', context_carrier=None, task=<Task(BashOperator): dbt_build_core>, bundle_instance=LocalDagBundle(name=dags-folder), max_tries=0, start_date=datetime.datetime(2026, 10, 10, 23, 3, 17, 55239, tzinfo=datetime.timezone.utc), end_date=None, state=<TaskInstanceState.RUNNING: 'running'>, is_mapped=False, rendered_map_index=None, log_url='http://localhost:8080/dags/zomato_batch/runs/manual__2026-10-10T23%3A03%3A02.945860%2B00%3A00/tasks/dbt_build_core?try_number=1')","logger":"task"}
